../Core/Src/stm32wbxx_hal_msp.c:64:6:HAL_MspInit	16	static
../Core/Src/stm32wbxx_hal_msp.c:90:6:HAL_IPCC_MspInit	16	static
../Core/Src/stm32wbxx_hal_msp.c:117:6:HAL_IPCC_MspDeInit	8	static
../Core/Src/stm32wbxx_hal_msp.c:143:6:HAL_RTC_MspInit	96	static
../Core/Src/stm32wbxx_hal_msp.c:180:6:HAL_RTC_MspDeInit	0	static
../Core/Src/stm32wbxx_hal_msp.c:206:6:HAL_TIM_Base_MspInit	16	static
../Core/Src/stm32wbxx_hal_msp.c:231:6:HAL_TIM_Base_MspDeInit	0	static
../Core/Src/stm32wbxx_hal_msp.c:256:6:HAL_UART_MspInit	128	static
../Core/Src/stm32wbxx_hal_msp.c:321:6:HAL_UART_MspDeInit	8	static
