../Drivers/CMSIS/Include/core_cm4.h:2059:26:ITM_SendChar	16	static,ignoring_inline_asm
../Drivers/STM32WBxx_HAL_Driver/Inc/stm32wbxx_ll_bus.h:364:22:LL_AHB1_GRP1_EnableClock	24	static
../Drivers/STM32WBxx_HAL_Driver/Inc/stm32wbxx_ll_bus.h:539:22:LL_AHB2_GRP1_EnableClock	24	static
../Core/Src/main.c:71:5:_write	32	static
../Core/Src/main.c:88:5:main	8	static
../Core/Src/main.c:149:6:SystemClock_Config	112	static
../Core/Src/main.c:195:6:PeriphCommonClock_Config	88	static
../Core/Src/main.c:220:13:MX_IPCC_Init	8	static
../Core/Src/main.c:246:13:MX_RF_Init	4	static
../Core/Src/main.c:267:13:MX_RTC_Init	8	static
../Core/Src/main.c:310:13:MX_TIM2_Init	40	static
../Core/Src/main.c:355:13:MX_USART1_UART_Init	8	static
../Core/Src/main.c:401:13:MX_DMA_Init	8	static
../Core/Src/main.c:420:13:MX_GPIO_Init	32	static
../Core/Src/main.c:472:6:Error_Handler	4	static,ignoring_inline_asm
