../STM32_WPAN/App/custom_app.c:150:6:Custom_STM_App_Notification	16	static
../STM32_WPAN/App/custom_app.c:227:6:Custom_APP_Notification	16	static
../STM32_WPAN/App/custom_app.c:264:6:Custom_APP_Init	8	static
../STM32_WPAN/App/custom_app.c:285:6:FSVC_APP_B3_Button_Action	8	static
../STM32_WPAN/App/custom_app.c:293:6:GPS_LAT_Action	8	static
../STM32_WPAN/App/custom_app.c:298:6:GPS_LONG_Action	8	static
../STM32_WPAN/App/custom_app.c:303:6:Accelerometre_Action	8	static
../STM32_WPAN/App/custom_app.c:308:6:Temperature_Action	8	static
../STM32_WPAN/App/custom_app.c:322:6:Custom_Vit_Update_Char	16	static
../STM32_WPAN/App/custom_app.c:341:6:Custom_Vit_Send_Notification	56	static
../STM32_WPAN/App/custom_app.c:385:6:Custom_Temp_Update_Char	16	static
../STM32_WPAN/App/custom_app.c:404:6:Custom_Temp_Send_Notification	48	static
../STM32_WPAN/App/custom_app.c:445:6:Custom_Lat_Update_Char	16	static
../STM32_WPAN/App/custom_app.c:464:6:Custom_Lat_Send_Notification	16	static
../STM32_WPAN/App/custom_app.c:505:6:Custom_Long_Update_Char	16	static
../STM32_WPAN/App/custom_app.c:524:6:Custom_Long_Send_Notification	16	static
../STM32_WPAN/App/custom_app.c:570:6:Custom_Ledc_Update_Char	4	static
../STM32_WPAN/App/custom_app.c:575:6:HAL_TIM_PeriodElapsedCallback	16	static
