Archive member included to satisfy reference by file (symbol)

c:/st/stm32cubeide_1.11.0/stm32cubeide/plugins/com.st.stm32cube.ide.mcu.externaltools.gnu-tools-for-stm32.10.3-2021.10.win32_1.0.100.202210260954/tools/bin/../lib/gcc/arm-none-eabi/10.3.1/../../../../arm-none-eabi/lib/thumb/v7e-m+fp/hard\libc_nano.a(lib_a-errno.o)
                              ./Core/Src/syscalls.o (__errno)
c:/st/stm32cubeide_1.11.0/stm32cubeide/plugins/com.st.stm32cube.ide.mcu.externaltools.gnu-tools-for-stm32.10.3-2021.10.win32_1.0.100.202210260954/tools/bin/../lib/gcc/arm-none-eabi/10.3.1/../../../../arm-none-eabi/lib/thumb/v7e-m+fp/hard\libc_nano.a(lib_a-exit.o)
                              c:/st/stm32cubeide_1.11.0/stm32cubeide/plugins/com.st.stm32cube.ide.mcu.externaltools.gnu-tools-for-stm32.10.3-2021.10.win32_1.0.100.202210260954/tools/bin/../lib/gcc/arm-none-eabi/10.3.1/../../../../arm-none-eabi/lib/thumb/v7e-m+fp/hard/crt0.o (exit)
c:/st/stm32cubeide_1.11.0/stm32cubeide/plugins/com.st.stm32cube.ide.mcu.externaltools.gnu-tools-for-stm32.10.3-2021.10.win32_1.0.100.202210260954/tools/bin/../lib/gcc/arm-none-eabi/10.3.1/../../../../arm-none-eabi/lib/thumb/v7e-m+fp/hard\libc_nano.a(lib_a-impure.o)
                              c:/st/stm32cubeide_1.11.0/stm32cubeide/plugins/com.st.stm32cube.ide.mcu.externaltools.gnu-tools-for-stm32.10.3-2021.10.win32_1.0.100.202210260954/tools/bin/../lib/gcc/arm-none-eabi/10.3.1/../../../../arm-none-eabi/lib/thumb/v7e-m+fp/hard\libc_nano.a(lib_a-exit.o) (_global_impure_ptr)
c:/st/stm32cubeide_1.11.0/stm32cubeide/plugins/com.st.stm32cube.ide.mcu.externaltools.gnu-tools-for-stm32.10.3-2021.10.win32_1.0.100.202210260954/tools/bin/../lib/gcc/arm-none-eabi/10.3.1/../../../../arm-none-eabi/lib/thumb/v7e-m+fp/hard\libc_nano.a(lib_a-init.o)
                              c:/st/stm32cubeide_1.11.0/stm32cubeide/plugins/com.st.stm32cube.ide.mcu.externaltools.gnu-tools-for-stm32.10.3-2021.10.win32_1.0.100.202210260954/tools/bin/../lib/gcc/arm-none-eabi/10.3.1/../../../../arm-none-eabi/lib/thumb/v7e-m+fp/hard/crt0.o (__libc_init_array)
c:/st/stm32cubeide_1.11.0/stm32cubeide/plugins/com.st.stm32cube.ide.mcu.externaltools.gnu-tools-for-stm32.10.3-2021.10.win32_1.0.100.202210260954/tools/bin/../lib/gcc/arm-none-eabi/10.3.1/../../../../arm-none-eabi/lib/thumb/v7e-m+fp/hard\libc_nano.a(lib_a-malloc.o)
                              ./Core/Src/main.o (malloc)
c:/st/stm32cubeide_1.11.0/stm32cubeide/plugins/com.st.stm32cube.ide.mcu.externaltools.gnu-tools-for-stm32.10.3-2021.10.win32_1.0.100.202210260954/tools/bin/../lib/gcc/arm-none-eabi/10.3.1/../../../../arm-none-eabi/lib/thumb/v7e-m+fp/hard\libc_nano.a(lib_a-memcmp.o)
                              ./Middlewares/ST/STM32_WPAN/ble/core/template/osal.o (memcmp)
c:/st/stm32cubeide_1.11.0/stm32cubeide/plugins/com.st.stm32cube.ide.mcu.externaltools.gnu-tools-for-stm32.10.3-2021.10.win32_1.0.100.202210260954/tools/bin/../lib/gcc/arm-none-eabi/10.3.1/../../../../arm-none-eabi/lib/thumb/v7e-m+fp/hard\libc_nano.a(lib_a-memcpy-stub.o)
                              ./Middlewares/ST/STM32_WPAN/ble/core/template/osal.o (memcpy)
c:/st/stm32cubeide_1.11.0/stm32cubeide/plugins/com.st.stm32cube.ide.mcu.externaltools.gnu-tools-for-stm32.10.3-2021.10.win32_1.0.100.202210260954/tools/bin/../lib/gcc/arm-none-eabi/10.3.1/../../../../arm-none-eabi/lib/thumb/v7e-m+fp/hard\libc_nano.a(lib_a-memset.o)
                              c:/st/stm32cubeide_1.11.0/stm32cubeide/plugins/com.st.stm32cube.ide.mcu.externaltools.gnu-tools-for-stm32.10.3-2021.10.win32_1.0.100.202210260954/tools/bin/../lib/gcc/arm-none-eabi/10.3.1/../../../../arm-none-eabi/lib/thumb/v7e-m+fp/hard/crt0.o (memset)
c:/st/stm32cubeide_1.11.0/stm32cubeide/plugins/com.st.stm32cube.ide.mcu.externaltools.gnu-tools-for-stm32.10.3-2021.10.win32_1.0.100.202210260954/tools/bin/../lib/gcc/arm-none-eabi/10.3.1/../../../../arm-none-eabi/lib/thumb/v7e-m+fp/hard\libc_nano.a(lib_a-nano-freer.o)
                              c:/st/stm32cubeide_1.11.0/stm32cubeide/plugins/com.st.stm32cube.ide.mcu.externaltools.gnu-tools-for-stm32.10.3-2021.10.win32_1.0.100.202210260954/tools/bin/../lib/gcc/arm-none-eabi/10.3.1/../../../../arm-none-eabi/lib/thumb/v7e-m+fp/hard\libc_nano.a(lib_a-malloc.o) (_free_r)
c:/st/stm32cubeide_1.11.0/stm32cubeide/plugins/com.st.stm32cube.ide.mcu.externaltools.gnu-tools-for-stm32.10.3-2021.10.win32_1.0.100.202210260954/tools/bin/../lib/gcc/arm-none-eabi/10.3.1/../../../../arm-none-eabi/lib/thumb/v7e-m+fp/hard\libc_nano.a(lib_a-nano-mallocr.o)
                              c:/st/stm32cubeide_1.11.0/stm32cubeide/plugins/com.st.stm32cube.ide.mcu.externaltools.gnu-tools-for-stm32.10.3-2021.10.win32_1.0.100.202210260954/tools/bin/../lib/gcc/arm-none-eabi/10.3.1/../../../../arm-none-eabi/lib/thumb/v7e-m+fp/hard\libc_nano.a(lib_a-malloc.o) (_malloc_r)
[...]
Memory Configuration

Name             Origin             Length             Attributes
FLASH            0x0000000008000000 0x0000000000080000 xr
RAM1             0x0000000020000008 0x000000000002fff8 xrw
RAM_SHARED       0x0000000020030000 0x0000000000002800 xrw
*default*        0x0000000000000000 0xffffffffffffffff

Linker script and memory map

LOAD c:/st/stm32cubeide_1.11.0/stm32cubeide/plugins/com.st.stm32cube.ide.mcu.externaltools.gnu-tools-for-stm32.10.3-2021.10.win32_1.0.100.202210260954/tools/bin/../lib/gcc/arm-none-eabi/10.3.1/thumb/v7e-m+fp/hard/crti.o
LOAD c:/st/stm32cubeide_1.11.0/stm32cubeide/plugins/com.st.stm32cube.ide.mcu.externaltools.gnu-tools-for-stm32.10.3-2021.10.win32_1.0.100.202210260954/tools/bin/../lib/gcc/arm-none-eabi/10.3.1/thumb/v7e-m+fp/hard/crtbegin.o
LOAD c:/st/stm32cubeide_1.11.0/stm32cubeide/plugins/com.st.stm32cube.ide.mcu.externaltools.gnu-tools-for-stm32.10.3-2021.10.win32_1.0.100.202210260954/tools/bin/../lib/gcc/arm-none-eabi/10.3.1/../../../../arm-none-eabi/lib/thumb/v7e-m+fp/hard/crt0.o
LOAD ./Core/Src/app_debug.o
LOAD ./Core/Src/app_entry.o
LOAD ./Core/Src/hw_timerserver.o
LOAD ./Core/Src/hw_uart.o
LOAD ./Core/Src/main.o
LOAD ./Core/Src/stm32_lpm_if.o
LOAD ./Core/Src/stm32wbxx_hal_msp.o
LOAD ./Core/Src/stm32wbxx_it.o
LOAD ./Core/Src/syscalls.o
LOAD ./Core/Src/sysmem.o
LOAD ./Core/Src/system_stm32wbxx.o
LOAD ./Core/Startup/startup_stm32wb55rgvx.o
LOAD ./Drivers/STM32WBxx_HAL_Driver/Src/stm32wbxx_hal.o
LOAD ./Drivers/STM32WBxx_HAL_Driver/Src/stm32wbxx_hal_cortex.o
LOAD ./Drivers/STM32WBxx_HAL_Driver/Src/stm32wbxx_hal_dma.o
LOAD ./Drivers/STM32WBxx_HAL_Driver/Src/stm32wbxx_hal_dma_ex.o
LOAD ./Drivers/STM32WBxx_HAL_Driver/Src/stm32wbxx_hal_exti.o
LOAD ./Drivers/STM32WBxx_HAL_Driver/Src/stm32wbxx_hal_flash.o
LOAD ./Drivers/STM32WBxx_HAL_Driver/Src/stm32wbxx_hal_flash_ex.o
LOAD ./Drivers/STM32WBxx_HAL_Driver/Src/stm32wbxx_hal_gpio.o
LOAD ./Drivers/STM32WBxx_HAL_Driver/Src/stm32wbxx_hal_hsem.o
LOAD ./Drivers/STM32WBxx_HAL_Driver/Src/stm32wbxx_hal_ipcc.o
LOAD ./Drivers/STM32WBxx_HAL_Driver/Src/stm32wbxx_hal_pwr.o
LOAD ./Drivers/STM32WBxx_HAL_Driver/Src/stm32wbxx_hal_pwr_ex.o
LOAD ./Drivers/STM32WBxx_HAL_Driver/Src/stm32wbxx_hal_rcc.o
LOAD ./Drivers/STM32WBxx_HAL_Driver/Src/stm32wbxx_hal_rcc_ex.o
LOAD ./Drivers/STM32WBxx_HAL_Driver/Src/stm32wbxx_hal_rtc.o
LOAD ./Drivers/STM32WBxx_HAL_Driver/Src/stm32wbxx_hal_rtc_ex.o
LOAD ./Drivers/STM32WBxx_HAL_Driver/Src/stm32wbxx_hal_tim.o
LOAD ./Drivers/STM32WBxx_HAL_Driver/Src/stm32wbxx_hal_tim_ex.o
LOAD ./Drivers/STM32WBxx_HAL_Driver/Src/stm32wbxx_hal_uart.o
LOAD ./Drivers/STM32WBxx_HAL_Driver/Src/stm32wbxx_hal_uart_ex.o
LOAD ./Drivers/STM32WBxx_HAL_Driver/Src/stm32wbxx_ll_rcc.o
LOAD ./Middlewares/ST/STM32_WPAN/ble/core/auto/ble_events.o
LOAD ./Middlewares/ST/STM32_WPAN/ble/core/auto/ble_gap_aci.o
LOAD ./Middlewares/ST/STM32_WPAN/ble/core/auto/ble_gatt_aci.o
LOAD ./Middlewares/ST/STM32_WPAN/ble/core/auto/ble_hal_aci.o
LOAD ./Middlewares/ST/STM32_WPAN/ble/core/auto/ble_hci_le.o
LOAD ./Middlewares/ST/STM32_WPAN/ble/core/auto/ble_l2cap_aci.o
LOAD ./Middlewares/ST/STM32_WPAN/ble/core/template/osal.o
LOAD ./Middlewares/ST/STM32_WPAN/ble/svc/Src/svc_ctl.o
LOAD ./Middlewares/ST/STM32_WPAN/interface/patterns/ble_thread/shci/shci.o
LOAD ./Middlewares/ST/STM32_WPAN/interface/patterns/ble_thread/tl/hci_tl.o
LOAD ./Middlewares/ST/STM32_WPAN/interface/patterns/ble_thread/tl/hci_tl_if.o
LOAD ./Middlewares/ST/STM32_WPAN/interface/patterns/ble_thread/tl/shci_tl.o
LOAD ./Middlewares/ST/STM32_WPAN/interface/patterns/ble_thread/tl/shci_tl_if.o
LOAD ./Middlewares/ST/STM32_WPAN/interface/patterns/ble_thread/tl/tl_mbox.o
LOAD ./Middlewares/ST/STM32_WPAN/utilities/dbg_trace.o
LOAD ./Middlewares/ST/STM32_WPAN/utilities/otp.o
LOAD ./Middlewares/ST/STM32_WPAN/utilities/stm_list.o
LOAD ./Middlewares/ST/STM32_WPAN/utilities/stm_queue.o
LOAD ./STM32_WPAN/App/app_ble.o
LOAD ./STM32_WPAN/App/custom_app.o
LOAD ./STM32_WPAN/App/custom_stm.o
LOAD ./STM32_WPAN/Target/hw_ipcc.o
LOAD ./Utilities/lpm/tiny_lpm/stm32_lpm.o
LOAD ./Utilities/sequencer/stm32_seq.o
START GROUP
LOAD c:/st/stm32cubeide_1.11.0/stm32cubeide/plugins/com.st.stm32cube.ide.mcu.externaltools.gnu-tools-for-stm32.10.3-2021.10.win32_1.0.100.202210260954/tools/bin/../lib/gcc/arm-none-eabi/10.3.1/../../../../arm-none-eabi/lib/thumb/v7e-m+fp/hard\libc_nano.a
LOAD c:/st/stm32cubeide_1.11.0/stm32cubeide/plugins/com.st.stm32cube.ide.mcu.externaltools.gnu-tools-for-stm32.10.3-2021.10.win32_1.0.100.202210260954/tools/bin/../lib/gcc/arm-none-eabi/10.3.1/../../../../arm-none-eabi/lib/thumb/v7e-m+fp/hard\libm.a
END GROUP
START GROUP
LOAD c:/st/stm32cubeide_1.11.0/stm32cubeide/plugins/com.st.stm32cube.ide.mcu.externaltools.gnu-tools-for-stm32.10.3-2021.10.win32_1.0.100.202210260954/tools/bin/../lib/gcc/arm-none-eabi/10.3.1/thumb/v7e-m+fp/hard\libgcc.a
LOAD c:/st/stm32cubeide_1.11.0/stm32cubeide/plugins/com.st.stm32cube.ide.mcu.externaltools.gnu-tools-for-stm32.10.3-2021.10.win32_1.0.100.202210260954/tools/bin/../lib/gcc/arm-none-eabi/10.3.1/../../../../arm-none-eabi/lib/thumb/v7e-m+fp/hard\libc_nano.a
END GROUP
START GROUP
LOAD c:/st/stm32cubeide_1.11.0/stm32cubeide/plugins/com.st.stm32cube.ide.mcu.externaltools.gnu-tools-for-stm32.10.3-2021.10.win32_1.0.100.202210260954/tools/bin/../lib/gcc/arm-none-eabi/10.3.1/thumb/v7e-m+fp/hard\libgcc.a
LOAD c:/st/stm32cubeide_1.11.0/stm32cubeide/plugins/com.st.stm32cube.ide.mcu.externaltools.gnu-tools-for-stm32.10.3-2021.10.win32_1.0.100.202210260954/tools/bin/../lib/gcc/arm-none-eabi/10.3.1/../../../../arm-none-eabi/lib/thumb/v7e-m+fp/hard\libc_nano.a
LOAD c:/st/stm32cubeide_1.11.0/stm32cubeide/plugins/com.st.stm32cube.ide.mcu.externaltools.gnu-tools-for-stm32.10.3-2021.10.win32_1.0.100.202210260954/tools/bin/../lib/gcc/arm-none-eabi/10.3.1/../../../../arm-none-eabi/lib/thumb/v7e-m+fp/hard\libnosys.a
END GROUP
START GROUP
LOAD c:/st/stm32cubeide_1.11.0/stm32cubeide/plugins/com.st.stm32cube.ide.mcu.externaltools.gnu-tools-for-stm32.10.3-2021.10.win32_1.0.100.202210260954/tools/bin/../lib/gcc/arm-none-eabi/10.3.1/thumb/v7e-m+fp/hard\libgcc.a
LOAD c:/st/stm32cubeide_1.11.0/stm32cubeide/plugins/com.st.stm32cube.ide.mcu.externaltools.gnu-tools-for-stm32.10.3-2021.10.win32_1.0.100.202210260954/tools/bin/../lib/gcc/arm-none-eabi/10.3.1/../../../../arm-none-eabi/lib/thumb/v7e-m+fp/hard\libc_nano.a
LOAD c:/st/stm32cubeide_1.11.0/stm32cubeide/plugins/com.st.stm32cube.ide.mcu.externaltools.gnu-tools-for-stm32.10.3-2021.10.win32_1.0.100.202210260954/tools/bin/../lib/gcc/arm-none-eabi/10.3.1/../../../../arm-none-eabi/lib/thumb/v7e-m+fp/hard\libnosys.a
END GROUP
LOAD c:/st/stm32cubeide_1.11.0/stm32cubeide/plugins/com.st.stm32cube.ide.mcu.externaltools.gnu-tools-for-stm32.10.3-2021.10.win32_1.0.100.202210260954/tools/bin/../lib/gcc/arm-none-eabi/10.3.1/thumb/v7e-m+fp/hard/crtend.o
LOAD c:/st/stm32cubeide_1.11.0/stm32cubeide/plugins/com.st.stm32cube.ide.mcu.externaltools.gnu-tools-for-stm32.10.3-2021.10.win32_1.0.100.202210260954/tools/bin/../lib/gcc/arm-none-eabi/10.3.1/thumb/v7e-m+fp/hard/crtn.o
                0x0000000020030000                _estack = (ORIGIN (RAM1) + LENGTH (RAM1))
                0x0000000000000200                _Min_Heap_Size = 0x200
                0x0000000000000400                _Min_Stack_Size = 0x400

.isr_vector     0x0000000008000000      0x13c
                0x0000000008000000                . = ALIGN (0x4)
 *(.isr_vector)
 .isr_vector    0x0000000008000000      0x13c ./Core/Startup/startup_stm32wb55rgvx.o
                0x0000000008000000                g_pfnVectors
                0x000000000800013c                . = ALIGN (0x4)

.text           0x0000000008000140     0x76d8
                0x0000000008000140                . = ALIGN (0x4)
 *(.text)
 .text          0x0000000008000140       0x40 c:/st/stm32cubeide_1.11.0/stm32cubeide/plugins/com.st.stm32cube.ide.mcu.externaltools.gnu-tools-for-stm32.10.3-2021.10.win32_1.0.100.202210260954/tools/bin/../lib/gcc/arm-none-eabi/10.3.1/thumb/v7e-m+fp/hard/crtbegin.o
 .text          0x0000000008000180       0xa0 c:/st/stm32cubeide_1.11.0/stm32cubeide/plugins/com.st.stm32cube.ide.mcu.externaltools.gnu-tools-for-stm32.10.3-2021.10.win32_1.0.100.202210260954/tools/bin/../lib/gcc/arm-none-eabi/10.3.1/../../../../arm-none-eabi/lib/thumb/v7e-m+fp/hard\libc_nano.a(lib_a-memchr.o)
                0x0000000008000180                memchr
 .text          0x0000000008000220      0x254 c:/st/stm32cubeide_1.11.0/stm32cubeide/plugins/com.st.stm32cube.ide.mcu.externaltools.gnu-tools-for-stm32.10.3-2021.10.win32_1.0.100.202210260954/tools/bin/../lib/gcc/arm-none-eabi/10.3.1/thumb/v7e-m+fp/hard\libgcc.a(_arm_muldf3.o)
                0x0000000008000220                __muldf3
                0x0000000008000220                __aeabi_dmul
 .text          0x0000000008000474      0x378 c:/st/stm32cubeide_1.11.0/stm32cubeide/plugins/com.st.stm32cube.ide.mcu.externaltools.gnu-tools-for-stm32.10.3-2021.10.win32_1.0.100.202210260954/tools/bin/../lib/gcc/arm-none-eabi/10.3.1/thumb/v7e-m+fp/hard\libgcc.a(_arm_addsubdf3.o)
                0x0000000008000474                __aeabi_drsub
                0x000000000800047c                __aeabi_dsub
                0x000000000800047c                __subdf3
                0x0000000008000480                __aeabi_dadd
                0x0000000008000480                __adddf3
                0x00000000080006f8                __floatunsidf
                0x00000000080006f8                __aeabi_ui2d
                0x0000000008000718                __floatsidf
                0x0000000008000718                __aeabi_i2d
                0x000000000800073c                __aeabi_f2d
                0x000000000800073c                __extendsfdf2
                0x0000000008000780                __floatundidf
                0x0000000008000780                __aeabi_ul2d
                0x0000000008000790                __floatdidf
                0x0000000008000790                __aeabi_l2d
 .text          0x00000000080007ec       0x30 c:/st/stm32cubeide_1.11.0/stm32cubeide/plugins/com.st.stm32cube.ide.mcu.externaltools.gnu-tools-for-stm32.10.3-2021.10.win32_1.0.100.202210260954/tools/bin/../lib/gcc/arm-none-eabi/10.3.1/thumb/v7e-m+fp/hard\libgcc.a(_aeabi_uldivmod.o)
                0x00000000080007ec                __aeabi_uldivmod
 .text          0x000000000800081c      0x2d0 c:/st/stm32cubeide_1.11.0/stm32cubeide/plugins/com.st.stm32cube.ide.mcu.externaltools.gnu-tools-for-stm32.10.3-2021.10.win32_1.0.100.202210260954/tools/bin/../lib/gcc/arm-none-eabi/10.3.1/thumb/v7e-m+fp/hard\libgcc.a(_udivmoddi4.o)
                0x000000000800081c                __udivmoddi4
 .text          0x0000000008000aec        0x4 c:/st/stm32cubeide_1.11.0/stm32cubeide/plugins/com.st.stm32cube.ide.mcu.externaltools.gnu-tools-for-stm32.10.3-2021.10.win32_1.0.100.202210260954/tools/bin/../lib/gcc/arm-none-eabi/10.3.1/thumb/v7e-m+fp/hard\libgcc.a(_dvmd_tls.o)
                0x0000000008000aec                __aeabi_idiv0
                0x0000000008000aec                __aeabi_ldiv0
 *(.text*)
 .text.APPD_EnableCPU2
                0x0000000008000af0       0x38 ./Core/Src/app_debug.o
                0x0000000008000af0                APPD_EnableCPU2
 .text.APPE_SysStatusNot
                0x0000000008000b28        0x2 ./Core/Src/app_entry.o
 *fill*         0x0000000008000b2a        0x2 
 .text.APPE_SysUserEvtRx
                0x0000000008000b2c      0x320 ./Core/Src/app_entry.o
 .text.MX_APPE_Config
                0x0000000008000e4c       0xac ./Core/Src/app_entry.o
                0x0000000008000e4c                MX_APPE_Config
 .text.Init_Exti
                0x0000000008000ef8       0x14 ./Core/Src/app_entry.o
                0x0000000008000ef8                Init_Exti
 .text.MX_APPE_Init
                0x0000000008000f0c       0xa8 ./Core/Src/app_entry.o
                0x0000000008000f0c                MX_APPE_Init
 .text.MX_APPE_Process
                0x0000000008000fb4        0x8 ./Core/Src/app_entry.o
                0x0000000008000fb4                MX_APPE_Process
 .text.UTIL_SEQ_Idle
                0x0000000008000fbc        0x2 ./Core/Src/app_entry.o
                0x0000000008000fbc                UTIL_SEQ_Idle
 .text.UTIL_SEQ_EvtIdle
                0x0000000008000fbe        0x8 ./Core/Src/app_entry.o
                0x0000000008000fbe                UTIL_SEQ_EvtIdle
 .text.shci_notify_asynch_evt
                0x0000000008000fc6        0x8 ./Core/Src/app_entry.o
                0x0000000008000fc6                shci_notify_asynch_evt
 .text.shci_cmd_resp_release
                0x0000000008000fce        0x6 ./Core/Src/app_entry.o
                0x0000000008000fce                shci_cmd_resp_release
 .text.shci_cmd_resp_wait
                0x0000000008000fd4        0x6 ./Core/Src/app_entry.o
                0x0000000008000fd4                shci_cmd_resp_wait
 .text.HAL_GPIO_EXTI_Callback
                0x0000000008000fda       0x12 ./Core/Src/app_entry.o
                0x0000000008000fda                HAL_GPIO_EXTI_Callback
 .text.ReadRtcSsrValue
                0x0000000008000fec       0x1c ./Core/Src/hw_timerserver.o
 .text.UnlinkTimer
                0x0000000008001008       0x80 ./Core/Src/hw_timerserver.o
 .text.ReturnTimeElapsed
                0x0000000008001088       0x48 ./Core/Src/hw_timerserver.o
 .text.RescheduleTimerList
                0x00000000080010d0      0x114 ./Core/Src/hw_timerserver.o
 .text.HW_TS_Init
                0x00000000080011e4      0x130 ./Core/Src/hw_timerserver.o
                0x00000000080011e4                HW_TS_Init
 .text.HW_TS_Stop
                0x0000000008001314       0xb0 ./Core/Src/hw_timerserver.o
                0x0000000008001314                HW_TS_Stop
 .text.HW_TS_Start
                0x00000000080013c4      0x158 ./Core/Src/hw_timerserver.o
                0x00000000080013c4                HW_TS_Start
 .text.HW_TS_RTC_Int_AppNot
                0x000000000800151c        0x2 ./Core/Src/hw_timerserver.o
                0x000000000800151c                HW_TS_RTC_Int_AppNot
 *fill*         0x000000000800151e        0x2 
 .text.HW_TS_RTC_Wakeup_Handler
                0x0000000008001520       0xc4 ./Core/Src/hw_timerserver.o
                0x0000000008001520                HW_TS_RTC_Wakeup_Handler
 .text.LL_AHB2_GRP1_EnableClock
                0x00000000080015e4       0x18 ./Core/Src/main.o
 .text._write   0x00000000080015fc       0x30 ./Core/Src/main.o
                0x00000000080015fc                _write
 .text.SystemClock_Config
                0x000000000800162c       0x80 ./Core/Src/main.o
                0x000000000800162c                SystemClock_Config
 .text.PeriphCommonClock_Config
                0x00000000080016ac       0x2c ./Core/Src/main.o
                0x00000000080016ac                PeriphCommonClock_Config
 .text.startup.main
                0x00000000080016d8      0x240 ./Core/Src/main.o
                0x00000000080016d8                main
 .text.Error_Handler
                0x0000000008001918        0x4 ./Core/Src/main.o
                0x0000000008001918                Error_Handler
 .text.HAL_MspInit
                0x000000000800191c       0x2e ./Core/Src/stm32wbxx_hal_msp.o
                0x000000000800191c                HAL_MspInit
 *fill*         0x000000000800194a        0x2 
 .text.HAL_IPCC_MspInit
                0x000000000800194c       0x50 ./Core/Src/stm32wbxx_hal_msp.o
                0x000000000800194c                HAL_IPCC_MspInit
 .text.HAL_RTC_MspInit
                0x000000000800199c       0x6c ./Core/Src/stm32wbxx_hal_msp.o
                0x000000000800199c                HAL_RTC_MspInit
 .text.HAL_TIM_Base_MspInit
                0x0000000008001a08       0x3c ./Core/Src/stm32wbxx_hal_msp.o
                0x0000000008001a08                HAL_TIM_Base_MspInit
 .text.HAL_UART_MspInit
                0x0000000008001a44       0xb8 ./Core/Src/stm32wbxx_hal_msp.o
                0x0000000008001a44                HAL_UART_MspInit
 .text.NMI_Handler
                0x0000000008001afc        0x2 ./Core/Src/stm32wbxx_it.o
                0x0000000008001afc                NMI_Handler
 .text.HardFault_Handler
                0x0000000008001afe        0x2 ./Core/Src/stm32wbxx_it.o
                0x0000000008001afe                HardFault_Handler
 .text.MemManage_Handler
                0x0000000008001b00        0x2 ./Core/Src/stm32wbxx_it.o
                0x0000000008001b00                MemManage_Handler
 .text.BusFault_Handler
                0x0000000008001b02        0x2 ./Core/Src/stm32wbxx_it.o
                0x0000000008001b02                BusFault_Handler
 .text.UsageFault_Handler
                0x0000000008001b04        0x2 ./Core/Src/stm32wbxx_it.o
                0x0000000008001b04                UsageFault_Handler
 .text.SVC_Handler
                0x0000000008001b06        0x2 ./Core/Src/stm32wbxx_it.o
                0x0000000008001b06                SVC_Handler
 .text.DebugMon_Handler
                0x0000000008001b08        0x2 ./Core/Src/stm32wbxx_it.o
                0x0000000008001b08                DebugMon_Handler
 .text.PendSV_Handler
                0x0000000008001b0a        0x2 ./Core/Src/stm32wbxx_it.o
                0x0000000008001b0a                PendSV_Handler
 .text.SysTick_Handler
                0x0000000008001b0c        0x4 ./Core/Src/stm32wbxx_it.o
                0x0000000008001b0c                SysTick_Handler
 .text.RTC_WKUP_IRQHandler
                0x0000000008001b10        0x4 ./Core/Src/stm32wbxx_it.o
                0x0000000008001b10                RTC_WKUP_IRQHandler
 .text.EXTI0_IRQHandler
                0x0000000008001b14        0x6 ./Core/Src/stm32wbxx_it.o
                0x0000000008001b14                EXTI0_IRQHandler
 .text.EXTI1_IRQHandler
                0x0000000008001b1a        0x6 ./Core/Src/stm32wbxx_it.o
                0x0000000008001b1a                EXTI1_IRQHandler
 .text.EXTI4_IRQHandler
                0x0000000008001b20        0x6 ./Core/Src/stm32wbxx_it.o
                0x0000000008001b20                EXTI4_IRQHandler
 *fill*         0x0000000008001b26        0x2 
 .text.TIM2_IRQHandler
                0x0000000008001b28        0xc ./Core/Src/stm32wbxx_it.o
                0x0000000008001b28                TIM2_IRQHandler
 .text.IPCC_C1_RX_IRQHandler
                0x0000000008001b34        0x4 ./Core/Src/stm32wbxx_it.o
                0x0000000008001b34                IPCC_C1_RX_IRQHandler
 .text.IPCC_C1_TX_IRQHandler
                0x0000000008001b38        0x4 ./Core/Src/stm32wbxx_it.o
                0x0000000008001b38                IPCC_C1_TX_IRQHandler
 .text.HSEM_IRQHandler
                0x0000000008001b3c        0x4 ./Core/Src/stm32wbxx_it.o
                0x0000000008001b3c                HSEM_IRQHandler
 .text.DMA2_Channel4_IRQHandler
                0x0000000008001b40        0xc ./Core/Src/stm32wbxx_it.o
                0x0000000008001b40                DMA2_Channel4_IRQHandler
 .text._read    0x0000000008001b4c       0x1c ./Core/Src/syscalls.o
                0x0000000008001b4c                _read
 .text._close   0x0000000008001b68        0x6 ./Core/Src/syscalls.o
                0x0000000008001b68                _close
 .text._fstat   0x0000000008001b6e        0xa ./Core/Src/syscalls.o
                0x0000000008001b6e                _fstat
 .text._isatty  0x0000000008001b78        0x4 ./Core/Src/syscalls.o
                0x0000000008001b78                _isatty
 .text._lseek   0x0000000008001b7c        0x4 ./Core/Src/syscalls.o
                0x0000000008001b7c                _lseek
 .text._sbrk    0x0000000008001b80       0x40 ./Core/Src/sysmem.o
                0x0000000008001b80                _sbrk
 .text.SystemInit
                0x0000000008001bc0       0x64 ./Core/Src/system_stm32wbxx.o
                0x0000000008001bc0                SystemInit
 .text.data_initializers
                0x0000000008001c24       0x18 ./Core/Startup/startup_stm32wb55rgvx.o
 .text.Reset_Handler
                0x0000000008001c3c       0x58 ./Core/Startup/startup_stm32wb55rgvx.o
                0x0000000008001c3c                Reset_Handler
 .text.Default_Handler
                0x0000000008001c94        0x2 ./Core/Startup/startup_stm32wb55rgvx.o
                0x0000000008001c94                RTC_Alarm_IRQHandler
                0x0000000008001c94                EXTI2_IRQHandler
                0x0000000008001c94                TIM1_CC_IRQHandler
                0x0000000008001c94                TSC_IRQHandler
                0x0000000008001c94                USB_HP_IRQHandler
                0x0000000008001c94                EXTI3_IRQHandler
                0x0000000008001c94                LPTIM2_IRQHandler
                0x0000000008001c94                I2C3_ER_IRQHandler
                0x0000000008001c94                FPU_IRQHandler
                0x0000000008001c94                TIM1_UP_TIM16_IRQHandler
                0x0000000008001c94                AES1_IRQHandler
                0x0000000008001c94                SPI1_IRQHandler
                0x0000000008001c94                PWR_SOTF_BLEACT_802ACT_RFPHASE_IRQHandler
                0x0000000008001c94                DMA2_Channel2_IRQHandler
                0x0000000008001c94                DMA1_Channel4_IRQHandler
                0x0000000008001c94                ADC1_IRQHandler
                0x0000000008001c94                PKA_IRQHandler
                0x0000000008001c94                DMA1_Channel7_IRQHandler
                0x0000000008001c94                LCD_IRQHandler
                0x0000000008001c94                DMA2_Channel1_IRQHandler
                0x0000000008001c94                QUADSPI_IRQHandler
                0x0000000008001c94                I2C1_EV_IRQHandler
                0x0000000008001c94                DMAMUX1_OVR_IRQHandler
                0x0000000008001c94                DMA1_Channel6_IRQHandler
                0x0000000008001c94                RCC_IRQHandler
                0x0000000008001c94                DMA1_Channel1_IRQHandler
                0x0000000008001c94                Default_Handler
                0x0000000008001c94                DMA2_Channel7_IRQHandler
                0x0000000008001c94                EXTI15_10_IRQHandler
                0x0000000008001c94                C2SEV_PWR_C2H_IRQHandler
                0x0000000008001c94                AES2_IRQHandler
                0x0000000008001c94                I2C3_EV_IRQHandler
                0x0000000008001c94                EXTI9_5_IRQHandler
                0x0000000008001c94                PVD_PVM_IRQHandler
                0x0000000008001c94                SPI2_IRQHandler
                0x0000000008001c94                DMA2_Channel5_IRQHandler
                0x0000000008001c94                CRS_IRQHandler
                0x0000000008001c94                DMA1_Channel5_IRQHandler
                0x0000000008001c94                USB_LP_IRQHandler
                0x0000000008001c94                RNG_IRQHandler
                0x0000000008001c94                TIM1_TRG_COM_TIM17_IRQHandler
                0x0000000008001c94                TAMP_STAMP_LSECSS_IRQHandler
                0x0000000008001c94                DMA1_Channel3_IRQHandler
                0x0000000008001c94                COMP_IRQHandler
                0x0000000008001c94                WWDG_IRQHandler
                0x0000000008001c94                LPUART1_IRQHandler
                0x0000000008001c94                DMA2_Channel6_IRQHandler
                0x0000000008001c94                TIM1_BRK_IRQHandler
                0x0000000008001c94                DMA1_Channel2_IRQHandler
                0x0000000008001c94                FLASH_IRQHandler
                0x0000000008001c94                USART1_IRQHandler
                0x0000000008001c94                I2C1_ER_IRQHandler
                0x0000000008001c94                LPTIM1_IRQHandler
                0x0000000008001c94                SAI1_IRQHandler
                0x0000000008001c94                DMA2_Channel3_IRQHandler
 *fill*         0x0000000008001c96        0x2 
 .text.HAL_InitTick
                0x0000000008001c98       0x4c ./Drivers/STM32WBxx_HAL_Driver/Src/stm32wbxx_hal.o
                0x0000000008001c98                HAL_InitTick
 .text.HAL_Init
                0x0000000008001ce4       0x2c ./Drivers/STM32WBxx_HAL_Driver/Src/stm32wbxx_hal.o
                0x0000000008001ce4                HAL_Init
 .text.HAL_IncTick
                0x0000000008001d10       0x18 ./Drivers/STM32WBxx_HAL_Driver/Src/stm32wbxx_hal.o
                0x0000000008001d10                HAL_IncTick
 .text.HAL_GetTick
                0x0000000008001d28        0xc ./Drivers/STM32WBxx_HAL_Driver/Src/stm32wbxx_hal.o
                0x0000000008001d28                HAL_GetTick
 .text.HAL_GetTickPrio
                0x0000000008001d34        0xc ./Drivers/STM32WBxx_HAL_Driver/Src/stm32wbxx_hal.o
                0x0000000008001d34                HAL_GetTickPrio
 .text.HAL_NVIC_SetPriorityGrouping
                0x0000000008001d40       0x24 ./Drivers/STM32WBxx_HAL_Driver/Src/stm32wbxx_hal_cortex.o
                0x0000000008001d40                HAL_NVIC_SetPriorityGrouping
 .text.HAL_NVIC_SetPriority
                0x0000000008001d64       0x64 ./Drivers/STM32WBxx_HAL_Driver/Src/stm32wbxx_hal_cortex.o
                0x0000000008001d64                HAL_NVIC_SetPriority
 .text.HAL_NVIC_EnableIRQ
                0x0000000008001dc8       0x1c ./Drivers/STM32WBxx_HAL_Driver/Src/stm32wbxx_hal_cortex.o
                0x0000000008001dc8                HAL_NVIC_EnableIRQ
 .text.HAL_NVIC_DisableIRQ
                0x0000000008001de4       0x28 ./Drivers/STM32WBxx_HAL_Driver/Src/stm32wbxx_hal_cortex.o
                0x0000000008001de4                HAL_NVIC_DisableIRQ
 .text.HAL_SYSTICK_Config
                0x0000000008001e0c       0x28 ./Drivers/STM32WBxx_HAL_Driver/Src/stm32wbxx_hal_cortex.o
                0x0000000008001e0c                HAL_SYSTICK_Config
 .text.HAL_NVIC_SetPendingIRQ
                0x0000000008001e34       0x20 ./Drivers/STM32WBxx_HAL_Driver/Src/stm32wbxx_hal_cortex.o
                0x0000000008001e34                HAL_NVIC_SetPendingIRQ
 .text.HAL_NVIC_ClearPendingIRQ
                0x0000000008001e54       0x20 ./Drivers/STM32WBxx_HAL_Driver/Src/stm32wbxx_hal_cortex.o
                0x0000000008001e54                HAL_NVIC_ClearPendingIRQ
 .text.DMA_CalcDMAMUXChannelBaseAndMask
                0x0000000008001e74       0x48 ./Drivers/STM32WBxx_HAL_Driver/Src/stm32wbxx_hal_dma.o
 .text.HAL_DMA_Init
                0x0000000008001ebc       0xe8 ./Drivers/STM32WBxx_HAL_Driver/Src/stm32wbxx_hal_dma.o
                0x0000000008001ebc                HAL_DMA_Init
 .text.HAL_DMA_IRQHandler
                0x0000000008001fa4       0x94 ./Drivers/STM32WBxx_HAL_Driver/Src/stm32wbxx_hal_dma.o
                0x0000000008001fa4                HAL_DMA_IRQHandler
 .text.HAL_GPIO_Init
                0x0000000008002038      0x16c ./Drivers/STM32WBxx_HAL_Driver/Src/stm32wbxx_hal_gpio.o
                0x0000000008002038                HAL_GPIO_Init
 .text.HAL_GPIO_WritePin
                0x00000000080021a4        0xa ./Drivers/STM32WBxx_HAL_Driver/Src/stm32wbxx_hal_gpio.o
                0x00000000080021a4                HAL_GPIO_WritePin
 *fill*         0x00000000080021ae        0x2 
 .text.HAL_GPIO_EXTI_IRQHandler
                0x00000000080021b0       0x18 ./Drivers/STM32WBxx_HAL_Driver/Src/stm32wbxx_hal_gpio.o
                0x00000000080021b0                HAL_GPIO_EXTI_IRQHandler
 .text.HAL_HSEM_FreeCallback
                0x00000000080021c8        0x2 ./Drivers/STM32WBxx_HAL_Driver/Src/stm32wbxx_hal_hsem.o
                0x00000000080021c8                HAL_HSEM_FreeCallback
 *fill*         0x00000000080021ca        0x2 
 .text.HAL_HSEM_IRQHandler
                0x00000000080021cc       0x1c ./Drivers/STM32WBxx_HAL_Driver/Src/stm32wbxx_hal_hsem.o
                0x00000000080021cc                HAL_HSEM_IRQHandler
 .text.HAL_IPCC_TxCallback
                0x00000000080021e8        0x2 ./Drivers/STM32WBxx_HAL_Driver/Src/stm32wbxx_hal_ipcc.o
                0x00000000080021e8                HAL_IPCC_TxCallback
 .text.HAL_IPCC_RxCallback
                0x00000000080021ea        0x2 ./Drivers/STM32WBxx_HAL_Driver/Src/stm32wbxx_hal_ipcc.o
                0x00000000080021ea                HAL_IPCC_RxCallback
 .text.IPCC_SetDefaultCallbacks
                0x00000000080021ec       0x1c ./Drivers/STM32WBxx_HAL_Driver/Src/stm32wbxx_hal_ipcc.o
                0x00000000080021ec                IPCC_SetDefaultCallbacks
 .text.HAL_IPCC_Init
                0x0000000008002208       0x44 ./Drivers/STM32WBxx_HAL_Driver/Src/stm32wbxx_hal_ipcc.o
                0x0000000008002208                HAL_IPCC_Init
 .text.HAL_PWR_EnableBkUpAccess
                0x000000000800224c       0x10 ./Drivers/STM32WBxx_HAL_Driver/Src/stm32wbxx_hal_pwr.o
                0x000000000800224c                HAL_PWR_EnableBkUpAccess
 .text.HAL_PWREx_GetVoltageRange
                0x000000000800225c       0x10 ./Drivers/STM32WBxx_HAL_Driver/Src/stm32wbxx_hal_pwr_ex.o
                0x000000000800225c                HAL_PWREx_GetVoltageRange
 .text.LL_RCC_LSI1_IsReady
                0x000000000800226c        0xe ./Drivers/STM32WBxx_HAL_Driver/Src/stm32wbxx_hal_rcc.o
 .text.LL_RCC_MSI_IsReady
                0x000000000800227a        0xc ./Drivers/STM32WBxx_HAL_Driver/Src/stm32wbxx_hal_rcc.o
 .text.LL_RCC_MSI_SetRange
                0x0000000008002286       0x10 ./Drivers/STM32WBxx_HAL_Driver/Src/stm32wbxx_hal_rcc.o
 .text.LL_RCC_MSI_SetCalibTrimming
                0x0000000008002296       0x12 ./Drivers/STM32WBxx_HAL_Driver/Src/stm32wbxx_hal_rcc.o
 .text.RCC_SetFlashLatencyFromMSIRange
                0x00000000080022a8       0xe8 ./Drivers/STM32WBxx_HAL_Driver/Src/stm32wbxx_hal_rcc.o
 .text.HAL_RCC_GetSysClockFreq
                0x0000000008002390       0xa4 ./Drivers/STM32WBxx_HAL_Driver/Src/stm32wbxx_hal_rcc.o
                0x0000000008002390                HAL_RCC_GetSysClockFreq
 .text.HAL_RCC_GetHCLKFreq
                0x0000000008002434       0x20 ./Drivers/STM32WBxx_HAL_Driver/Src/stm32wbxx_hal_rcc.o
                0x0000000008002434                HAL_RCC_GetHCLKFreq
 .text.HAL_RCC_OscConfig
                0x0000000008002454      0x590 ./Drivers/STM32WBxx_HAL_Driver/Src/stm32wbxx_hal_rcc.o
                0x0000000008002454                HAL_RCC_OscConfig
 .text.HAL_RCC_ClockConfig
                0x00000000080029e4      0x200 ./Drivers/STM32WBxx_HAL_Driver/Src/stm32wbxx_hal_rcc.o
                0x00000000080029e4                HAL_RCC_ClockConfig
 .text.HAL_RCC_GetPCLK1Freq
                0x0000000008002be4       0x24 ./Drivers/STM32WBxx_HAL_Driver/Src/stm32wbxx_hal_rcc.o
                0x0000000008002be4                HAL_RCC_GetPCLK1Freq
 .text.HAL_RCC_GetPCLK2Freq
                0x0000000008002c08       0x24 ./Drivers/STM32WBxx_HAL_Driver/Src/stm32wbxx_hal_rcc.o
                0x0000000008002c08                HAL_RCC_GetPCLK2Freq
 .text.LL_RCC_LSE_IsReady
                0x0000000008002c2c        0xe ./Drivers/STM32WBxx_HAL_Driver/Src/stm32wbxx_hal_rcc_ex.o
 .text.LL_RCC_SetI2CClockSource
                0x0000000008002c3a       0x20 ./Drivers/STM32WBxx_HAL_Driver/Src/stm32wbxx_hal_rcc_ex.o
 .text.LL_RCC_PLLSAI1_Enable
                0x0000000008002c5a        0xe ./Drivers/STM32WBxx_HAL_Driver/Src/stm32wbxx_hal_rcc_ex.o
 .text.LL_RCC_PLLSAI1_Disable
                0x0000000008002c68        0xe ./Drivers/STM32WBxx_HAL_Driver/Src/stm32wbxx_hal_rcc_ex.o
 .text.LL_RCC_PLLSAI1_IsReady
                0x0000000008002c76        0xc ./Drivers/STM32WBxx_HAL_Driver/Src/stm32wbxx_hal_rcc_ex.o
 .text.HAL_RCCEx_PeriphCLKConfig
                0x0000000008002c82      0x38a ./Drivers/STM32WBxx_HAL_Driver/Src/stm32wbxx_hal_rcc_ex.o
                0x0000000008002c82                HAL_RCCEx_PeriphCLKConfig
 .text.HAL_RTC_WaitForSynchro
                0x000000000800300c       0x30 ./Drivers/STM32WBxx_HAL_Driver/Src/stm32wbxx_hal_rtc.o
                0x000000000800300c                HAL_RTC_WaitForSynchro
 .text.RTC_EnterInitMode
                0x000000000800303c       0x34 ./Drivers/STM32WBxx_HAL_Driver/Src/stm32wbxx_hal_rtc.o
                0x000000000800303c                RTC_EnterInitMode
 .text.HAL_RTC_Init
                0x0000000008003070       0xc4 ./Drivers/STM32WBxx_HAL_Driver/Src/stm32wbxx_hal_rtc.o
                0x0000000008003070                HAL_RTC_Init
 .text.HAL_RTCEx_SetWakeUpTimer_IT
                0x0000000008003134       0xf0 ./Drivers/STM32WBxx_HAL_Driver/Src/stm32wbxx_hal_rtc_ex.o
                0x0000000008003134                HAL_RTCEx_SetWakeUpTimer_IT
 .text.HAL_TIM_Base_Start_IT
                0x0000000008003224       0x4c ./Drivers/STM32WBxx_HAL_Driver/Src/stm32wbxx_hal_tim.o
                0x0000000008003224                HAL_TIM_Base_Start_IT
 .text.HAL_TIM_OC_DelayElapsedCallback
                0x0000000008003270        0x2 ./Drivers/STM32WBxx_HAL_Driver/Src/stm32wbxx_hal_tim.o
                0x0000000008003270                HAL_TIM_OC_DelayElapsedCallback
 .text.HAL_TIM_IC_CaptureCallback
                0x0000000008003272        0x2 ./Drivers/STM32WBxx_HAL_Driver/Src/stm32wbxx_hal_tim.o
                0x0000000008003272                HAL_TIM_IC_CaptureCallback
 .text.HAL_TIM_PWM_PulseFinishedCallback
                0x0000000008003274        0x2 ./Drivers/STM32WBxx_HAL_Driver/Src/stm32wbxx_hal_tim.o
                0x0000000008003274                HAL_TIM_PWM_PulseFinishedCallback
 .text.HAL_TIM_TriggerCallback
                0x0000000008003276        0x2 ./Drivers/STM32WBxx_HAL_Driver/Src/stm32wbxx_hal_tim.o
                0x0000000008003276                HAL_TIM_TriggerCallback
 .text.HAL_TIM_IRQHandler
                0x0000000008003278      0x160 ./Drivers/STM32WBxx_HAL_Driver/Src/stm32wbxx_hal_tim.o
                0x0000000008003278                HAL_TIM_IRQHandler
 .text.TIM_Base_SetConfig
                0x00000000080033d8       0x74 ./Drivers/STM32WBxx_HAL_Driver/Src/stm32wbxx_hal_tim.o
                0x00000000080033d8                TIM_Base_SetConfig
 .text.HAL_TIM_Base_Init
                0x000000000800344c       0x60 ./Drivers/STM32WBxx_HAL_Driver/Src/stm32wbxx_hal_tim.o
                0x000000000800344c                HAL_TIM_Base_Init
 .text.TIM_ETR_SetConfig
                0x00000000080034ac       0x14 ./Drivers/STM32WBxx_HAL_Driver/Src/stm32wbxx_hal_tim.o
                0x00000000080034ac                TIM_ETR_SetConfig
 .text.HAL_TIM_ConfigClockSource
                0x00000000080034c0      0x14c ./Drivers/STM32WBxx_HAL_Driver/Src/stm32wbxx_hal_tim.o
                0x00000000080034c0                HAL_TIM_ConfigClockSource
 .text.HAL_TIMEx_MasterConfigSynchronization
                0x000000000800360c       0x58 ./Drivers/STM32WBxx_HAL_Driver/Src/stm32wbxx_hal_tim_ex.o
                0x000000000800360c                HAL_TIMEx_MasterConfigSynchronization
 .text.HAL_TIMEx_CommutCallback
                0x0000000008003664        0x2 ./Drivers/STM32WBxx_HAL_Driver/Src/stm32wbxx_hal_tim_ex.o
                0x0000000008003664                HAL_TIMEx_CommutCallback
 .text.HAL_TIMEx_BreakCallback
                0x0000000008003666        0x2 ./Drivers/STM32WBxx_HAL_Driver/Src/stm32wbxx_hal_tim_ex.o
                0x0000000008003666                HAL_TIMEx_BreakCallback
 .text.HAL_TIMEx_Break2Callback
                0x0000000008003668        0x2 ./Drivers/STM32WBxx_HAL_Driver/Src/stm32wbxx_hal_tim_ex.o
                0x0000000008003668                HAL_TIMEx_Break2Callback
 *fill*         0x000000000800366a        0x2 
 .text.UART_SetConfig
                0x000000000800366c      0x1f4 ./Drivers/STM32WBxx_HAL_Driver/Src/stm32wbxx_hal_uart.o
                0x000000000800366c                UART_SetConfig
 .text.UART_AdvFeatureConfig
                0x0000000008003860       0xa8 ./Drivers/STM32WBxx_HAL_Driver/Src/stm32wbxx_hal_uart.o
                0x0000000008003860                UART_AdvFeatureConfig
 .text.UART_WaitOnFlagUntilTimeout
                0x0000000008003908       0xc4 ./Drivers/STM32WBxx_HAL_Driver/Src/stm32wbxx_hal_uart.o
                0x0000000008003908                UART_WaitOnFlagUntilTimeout
 .text.UART_CheckIdleState
                0x00000000080039cc       0x6c ./Drivers/STM32WBxx_HAL_Driver/Src/stm32wbxx_hal_uart.o
                0x00000000080039cc                UART_CheckIdleState
 .text.HAL_UART_Init
                0x0000000008003a38       0x60 ./Drivers/STM32WBxx_HAL_Driver/Src/stm32wbxx_hal_uart.o
                0x0000000008003a38                HAL_UART_Init
 .text.UARTEx_SetNbDataToProcess
                0x0000000008003a98       0x44 ./Drivers/STM32WBxx_HAL_Driver/Src/stm32wbxx_hal_uart_ex.o
 .text.HAL_UARTEx_DisableFifoMode
                0x0000000008003adc       0x36 ./Drivers/STM32WBxx_HAL_Driver/Src/stm32wbxx_hal_uart_ex.o
                0x0000000008003adc                HAL_UARTEx_DisableFifoMode
 .text.HAL_UARTEx_SetTxFifoThreshold
                0x0000000008003b12       0x48 ./Drivers/STM32WBxx_HAL_Driver/Src/stm32wbxx_hal_uart_ex.o
                0x0000000008003b12                HAL_UARTEx_SetTxFifoThreshold
 .text.HAL_UARTEx_SetRxFifoThreshold
                0x0000000008003b5a       0x48 ./Drivers/STM32WBxx_HAL_Driver/Src/stm32wbxx_hal_uart_ex.o
                0x0000000008003b5a                HAL_UARTEx_SetRxFifoThreshold
 *fill*         0x0000000008003ba2        0x2 
 .text.aci_gap_set_non_discoverable
                0x0000000008003ba4       0x3c ./Middlewares/ST/STM32_WPAN/ble/core/auto/ble_gap_aci.o
                0x0000000008003ba4                aci_gap_set_non_discoverable
 .text.aci_gap_set_discoverable
                0x0000000008003be0       0xb0 ./Middlewares/ST/STM32_WPAN/ble/core/auto/ble_gap_aci.o
                0x0000000008003be0                aci_gap_set_discoverable
 .text.aci_gap_set_io_capability
                0x0000000008003c90       0x48 ./Middlewares/ST/STM32_WPAN/ble/core/auto/ble_gap_aci.o
                0x0000000008003c90                aci_gap_set_io_capability
 .text.aci_gap_set_authentication_requirement
                0x0000000008003cd8       0x7c ./Middlewares/ST/STM32_WPAN/ble/core/auto/ble_gap_aci.o
                0x0000000008003cd8                aci_gap_set_authentication_requirement
 .text.aci_gap_pass_key_resp
                0x0000000008003d54       0x4c ./Middlewares/ST/STM32_WPAN/ble/core/auto/ble_gap_aci.o
                0x0000000008003d54                aci_gap_pass_key_resp
 .text.aci_gap_init
                0x0000000008003da0       0x84 ./Middlewares/ST/STM32_WPAN/ble/core/auto/ble_gap_aci.o
                0x0000000008003da0                aci_gap_init
 .text.aci_gap_update_adv_data
                0x0000000008003e24       0x54 ./Middlewares/ST/STM32_WPAN/ble/core/auto/ble_gap_aci.o
                0x0000000008003e24                aci_gap_update_adv_data
 .text.aci_gap_configure_whitelist
                0x0000000008003e78       0x3c ./Middlewares/ST/STM32_WPAN/ble/core/auto/ble_gap_aci.o
                0x0000000008003e78                aci_gap_configure_whitelist
 .text.aci_gap_numeric_comparison_value_confirm_yesno
                0x0000000008003eb4       0x4c ./Middlewares/ST/STM32_WPAN/ble/core/auto/ble_gap_aci.o
                0x0000000008003eb4                aci_gap_numeric_comparison_value_confirm_yesno
 .text.aci_gatt_init
                0x0000000008003f00       0x3c ./Middlewares/ST/STM32_WPAN/ble/core/auto/ble_gatt_aci.o
                0x0000000008003f00                aci_gatt_init
 .text.aci_gatt_add_service
                0x0000000008003f3c       0xa0 ./Middlewares/ST/STM32_WPAN/ble/core/auto/ble_gatt_aci.o
                0x0000000008003f3c                aci_gatt_add_service
 .text.aci_gatt_add_char
                0x0000000008003fdc       0xb8 ./Middlewares/ST/STM32_WPAN/ble/core/auto/ble_gatt_aci.o
                0x0000000008003fdc                aci_gatt_add_char
 .text.aci_gatt_update_char_value
                0x0000000008004094       0x64 ./Middlewares/ST/STM32_WPAN/ble/core/auto/ble_gatt_aci.o
                0x0000000008004094                aci_gatt_update_char_value
 .text.aci_hal_write_config_data
                0x00000000080040f8       0x5c ./Middlewares/ST/STM32_WPAN/ble/core/auto/ble_hal_aci.o
                0x00000000080040f8                aci_hal_write_config_data
 .text.aci_hal_set_tx_power_level
                0x0000000008004154       0x4c ./Middlewares/ST/STM32_WPAN/ble/core/auto/ble_hal_aci.o
                0x0000000008004154                aci_hal_set_tx_power_level
 .text.aci_hal_set_radio_activity_mask
                0x00000000080041a0       0x48 ./Middlewares/ST/STM32_WPAN/ble/core/auto/ble_hal_aci.o
                0x00000000080041a0                aci_hal_set_radio_activity_mask
 .text.hci_reset
                0x00000000080041e8       0x3a ./Middlewares/ST/STM32_WPAN/ble/core/auto/ble_hci_le.o
                0x00000000080041e8                hci_reset
 *fill*         0x0000000008004222        0x2 
 .text.hci_le_set_default_phy
                0x0000000008004224       0x50 ./Middlewares/ST/STM32_WPAN/ble/core/auto/ble_hci_le.o
                0x0000000008004224                hci_le_set_default_phy
 .text.Osal_MemCpy
                0x0000000008004274        0x4 ./Middlewares/ST/STM32_WPAN/ble/core/template/osal.o
                0x0000000008004274                Osal_MemCpy
 .text.Osal_MemSet
                0x0000000008004278        0x4 ./Middlewares/ST/STM32_WPAN/ble/core/template/osal.o
                0x0000000008004278                Osal_MemSet
 .text.BAS_Init
                0x000000000800427c        0x2 ./Middlewares/ST/STM32_WPAN/ble/svc/Src/svc_ctl.o
                0x000000000800427c                BAS_Init
 .text.BLS_Init
                0x000000000800427e        0x2 ./Middlewares/ST/STM32_WPAN/ble/svc/Src/svc_ctl.o
                0x000000000800427e                BLS_Init
 .text.CRS_STM_Init
                0x0000000008004280        0x2 ./Middlewares/ST/STM32_WPAN/ble/svc/Src/svc_ctl.o
                0x0000000008004280                CRS_STM_Init
 .text.DIS_Init
                0x0000000008004282        0x2 ./Middlewares/ST/STM32_WPAN/ble/svc/Src/svc_ctl.o
                0x0000000008004282                DIS_Init
 .text.EDS_STM_Init
                0x0000000008004284        0x2 ./Middlewares/ST/STM32_WPAN/ble/svc/Src/svc_ctl.o
                0x0000000008004284                EDS_STM_Init
 .text.HIDS_Init
                0x0000000008004286        0x2 ./Middlewares/ST/STM32_WPAN/ble/svc/Src/svc_ctl.o
                0x0000000008004286                HIDS_Init
 .text.HRS_Init
                0x0000000008004288        0x2 ./Middlewares/ST/STM32_WPAN/ble/svc/Src/svc_ctl.o
                0x0000000008004288                HRS_Init
 .text.HTS_Init
                0x000000000800428a        0x2 ./Middlewares/ST/STM32_WPAN/ble/svc/Src/svc_ctl.o
                0x000000000800428a                HTS_Init
 .text.IAS_Init
                0x000000000800428c        0x2 ./Middlewares/ST/STM32_WPAN/ble/svc/Src/svc_ctl.o
                0x000000000800428c                IAS_Init
 .text.LLS_Init
                0x000000000800428e        0x2 ./Middlewares/ST/STM32_WPAN/ble/svc/Src/svc_ctl.o
                0x000000000800428e                LLS_Init
 .text.TPS_Init
                0x0000000008004290        0x2 ./Middlewares/ST/STM32_WPAN/ble/svc/Src/svc_ctl.o
                0x0000000008004290                TPS_Init
 .text.MOTENV_STM_Init
                0x0000000008004292        0x2 ./Middlewares/ST/STM32_WPAN/ble/svc/Src/svc_ctl.o
                0x0000000008004292                MOTENV_STM_Init
 .text.P2PS_STM_Init
                0x0000000008004294        0x2 ./Middlewares/ST/STM32_WPAN/ble/svc/Src/svc_ctl.o
                0x0000000008004294                P2PS_STM_Init
 .text.ZDD_STM_Init
                0x0000000008004296        0x2 ./Middlewares/ST/STM32_WPAN/ble/svc/Src/svc_ctl.o
                0x0000000008004296                ZDD_STM_Init
 .text.OTAS_STM_Init
                0x0000000008004298        0x2 ./Middlewares/ST/STM32_WPAN/ble/svc/Src/svc_ctl.o
                0x0000000008004298                OTAS_STM_Init
 .text.MESH_Init
                0x000000000800429a        0x2 ./Middlewares/ST/STM32_WPAN/ble/svc/Src/svc_ctl.o
                0x000000000800429a                MESH_Init
 .text.BVOPUS_STM_Init
                0x000000000800429c        0x2 ./Middlewares/ST/STM32_WPAN/ble/svc/Src/svc_ctl.o
                0x000000000800429c                BVOPUS_STM_Init
 .text.SVCCTL_SvcInit
                0x000000000800429e       0x4c ./Middlewares/ST/STM32_WPAN/ble/svc/Src/svc_ctl.o
                0x000000000800429e                SVCCTL_SvcInit
 *fill*         0x00000000080042ea        0x2 
 .text.SVCCTL_Init
                0x00000000080042ec       0x18 ./Middlewares/ST/STM32_WPAN/ble/svc/Src/svc_ctl.o
                0x00000000080042ec                SVCCTL_Init
 .text.SVCCTL_RegisterSvcHandler
                0x0000000008004304       0x14 ./Middlewares/ST/STM32_WPAN/ble/svc/Src/svc_ctl.o
                0x0000000008004304                SVCCTL_RegisterSvcHandler
 .text.SVCCTL_UserEvtRx
                0x0000000008004318       0x48 ./Middlewares/ST/STM32_WPAN/ble/svc/Src/svc_ctl.o
                0x0000000008004318                SVCCTL_UserEvtRx
 .text.SHCI_C2_BLE_Init
                0x0000000008004360       0x1c ./Middlewares/ST/STM32_WPAN/interface/patterns/ble_thread/shci/shci.o
                0x0000000008004360                SHCI_C2_BLE_Init
 .text.SHCI_C2_DEBUG_Init
                0x000000000800437c       0x1c ./Middlewares/ST/STM32_WPAN/interface/patterns/ble_thread/shci/shci.o
                0x000000000800437c                SHCI_C2_DEBUG_Init
 .text.SHCI_C2_Config
                0x0000000008004398       0x1a ./Middlewares/ST/STM32_WPAN/interface/patterns/ble_thread/shci/shci.o
                0x0000000008004398                SHCI_C2_Config
 *fill*         0x00000000080043b2        0x2 
 .text.SHCI_GetWirelessFwInfo
                0x00000000080043b4       0x7c ./Middlewares/ST/STM32_WPAN/interface/patterns/ble_thread/shci/shci.o
                0x00000000080043b4                SHCI_GetWirelessFwInfo
 .text.hci_init
                0x0000000008004430       0x54 ./Middlewares/ST/STM32_WPAN/interface/patterns/ble_thread/tl/hci_tl.o
                0x0000000008004430                hci_init
 .text.hci_user_evt_proc
                0x0000000008004484       0x6c ./Middlewares/ST/STM32_WPAN/interface/patterns/ble_thread/tl/hci_tl.o
                0x0000000008004484                hci_user_evt_proc
 .text.hci_send_req
                0x00000000080044f0       0xc8 ./Middlewares/ST/STM32_WPAN/interface/patterns/ble_thread/tl/hci_tl.o
                0x00000000080044f0                hci_send_req
 .text.TlEvtReceived
                0x00000000080045b8       0x34 ./Middlewares/ST/STM32_WPAN/interface/patterns/ble_thread/tl/hci_tl.o
 .text.hci_register_io_bus
                0x00000000080045ec       0x14 ./Middlewares/ST/STM32_WPAN/interface/patterns/ble_thread/tl/hci_tl_if.o
                0x00000000080045ec                hci_register_io_bus
 .text.TlUserEvtReceived
                0x0000000008004600       0x18 ./Middlewares/ST/STM32_WPAN/interface/patterns/ble_thread/tl/shci_tl.o
 .text.Cmd_SetStatus.constprop.0
                0x0000000008004618       0x18 ./Middlewares/ST/STM32_WPAN/interface/patterns/ble_thread/tl/shci_tl.o
 .text.shci_init
                0x0000000008004630       0x54 ./Middlewares/ST/STM32_WPAN/interface/patterns/ble_thread/tl/shci_tl.o
                0x0000000008004630                shci_init
 .text.shci_user_evt_proc
                0x0000000008004684       0x68 ./Middlewares/ST/STM32_WPAN/interface/patterns/ble_thread/tl/shci_tl.o
                0x0000000008004684                shci_user_evt_proc
 .text.shci_send
                0x00000000080046ec       0x6c ./Middlewares/ST/STM32_WPAN/interface/patterns/ble_thread/tl/shci_tl.o
                0x00000000080046ec                shci_send
 .text.TlCmdEvtReceived
                0x0000000008004758        0xa ./Middlewares/ST/STM32_WPAN/interface/patterns/ble_thread/tl/shci_tl.o
 *fill*         0x0000000008004762        0x2 
 .text.shci_register_io_bus
                0x0000000008004764       0x14 ./Middlewares/ST/STM32_WPAN/interface/patterns/ble_thread/tl/shci_tl_if.o
                0x0000000008004764                shci_register_io_bus
 .text.SendFreeBuf
                0x0000000008004778       0x30 ./Middlewares/ST/STM32_WPAN/interface/patterns/ble_thread/tl/tl_mbox.o
 .text.TL_Enable
                0x00000000080047a8        0x4 ./Middlewares/ST/STM32_WPAN/interface/patterns/ble_thread/tl/tl_mbox.o
                0x00000000080047a8                TL_Enable
 .text.TL_Init  0x00000000080047ac       0x48 ./Middlewares/ST/STM32_WPAN/interface/patterns/ble_thread/tl/tl_mbox.o
                0x00000000080047ac                TL_Init
 .text.TL_BLE_Init
                0x00000000080047f4       0x48 ./Middlewares/ST/STM32_WPAN/interface/patterns/ble_thread/tl/tl_mbox.o
                0x00000000080047f4                TL_BLE_Init
 .text.TL_BLE_SendCmd
                0x000000000800483c       0x1c ./Middlewares/ST/STM32_WPAN/interface/patterns/ble_thread/tl/tl_mbox.o
                0x000000000800483c                TL_BLE_SendCmd
 .text.HW_IPCC_BLE_RxEvtNot
                0x0000000008004858       0x2c ./Middlewares/ST/STM32_WPAN/interface/patterns/ble_thread/tl/tl_mbox.o
                0x0000000008004858                HW_IPCC_BLE_RxEvtNot
 .text.HW_IPCC_BLE_AclDataAckNot
                0x0000000008004884        0xc ./Middlewares/ST/STM32_WPAN/interface/patterns/ble_thread/tl/tl_mbox.o
                0x0000000008004884                HW_IPCC_BLE_AclDataAckNot
 .text.TL_SYS_Init
                0x0000000008004890       0x3c ./Middlewares/ST/STM32_WPAN/interface/patterns/ble_thread/tl/tl_mbox.o
                0x0000000008004890                TL_SYS_Init
 .text.TL_SYS_SendCmd
                0x00000000080048cc       0x1c ./Middlewares/ST/STM32_WPAN/interface/patterns/ble_thread/tl/tl_mbox.o
                0x00000000080048cc                TL_SYS_SendCmd
 .text.HW_IPCC_SYS_CmdEvtNot
                0x00000000080048e8       0x18 ./Middlewares/ST/STM32_WPAN/interface/patterns/ble_thread/tl/tl_mbox.o
                0x00000000080048e8                HW_IPCC_SYS_CmdEvtNot
 .text.HW_IPCC_SYS_EvtNot
                0x0000000008004900       0x2c ./Middlewares/ST/STM32_WPAN/interface/patterns/ble_thread/tl/tl_mbox.o
                0x0000000008004900                HW_IPCC_SYS_EvtNot
 .text.TL_MM_Init
                0x000000000800492c       0x40 ./Middlewares/ST/STM32_WPAN/interface/patterns/ble_thread/tl/tl_mbox.o
                0x000000000800492c                TL_MM_Init
 .text.TL_MM_EvtDone
                0x000000000800496c       0x1c ./Middlewares/ST/STM32_WPAN/interface/patterns/ble_thread/tl/tl_mbox.o
                0x000000000800496c                TL_MM_EvtDone
 .text.TL_TRACES_Init
                0x0000000008004988       0x20 ./Middlewares/ST/STM32_WPAN/interface/patterns/ble_thread/tl/tl_mbox.o
                0x0000000008004988                TL_TRACES_Init
 .text.TL_TRACES_EvtReceived
                0x00000000080049a8        0x2 ./Middlewares/ST/STM32_WPAN/interface/patterns/ble_thread/tl/tl_mbox.o
                0x00000000080049a8                TL_TRACES_EvtReceived
 *fill*         0x00000000080049aa        0x2 
 .text.HW_IPCC_TRACES_EvtNot
                0x00000000080049ac       0x24 ./Middlewares/ST/STM32_WPAN/interface/patterns/ble_thread/tl/tl_mbox.o
                0x00000000080049ac                HW_IPCC_TRACES_EvtNot
 .text.DbgTraceGetFileName
                0x00000000080049d0       0x20 ./Middlewares/ST/STM32_WPAN/utilities/dbg_trace.o
                0x00000000080049d0                DbgTraceGetFileName
 .text.OTP_Read
                0x00000000080049f0       0x20 ./Middlewares/ST/STM32_WPAN/utilities/otp.o
                0x00000000080049f0                OTP_Read
 .text.LST_init_head
                0x0000000008004a10        0x6 ./Middlewares/ST/STM32_WPAN/utilities/stm_list.o
                0x0000000008004a10                LST_init_head
 .text.LST_is_empty
                0x0000000008004a16       0x14 ./Middlewares/ST/STM32_WPAN/utilities/stm_list.o
                0x0000000008004a16                LST_is_empty
 .text.LST_insert_head
                0x0000000008004a2a       0x18 ./Middlewares/ST/STM32_WPAN/utilities/stm_list.o
                0x0000000008004a2a                LST_insert_head
 .text.LST_insert_tail
                0x0000000008004a42       0x18 ./Middlewares/ST/STM32_WPAN/utilities/stm_list.o
                0x0000000008004a42                LST_insert_tail
 .text.LST_remove_node
                0x0000000008004a5a       0x16 ./Middlewares/ST/STM32_WPAN/utilities/stm_list.o
                0x0000000008004a5a                LST_remove_node
 .text.LST_remove_head
                0x0000000008004a70       0x18 ./Middlewares/ST/STM32_WPAN/utilities/stm_list.o
                0x0000000008004a70                LST_remove_head
 .text.BLE_UserEvtRx
                0x0000000008004a88       0x16 ./STM32_WPAN/App/app_ble.o
 .text.BLE_StatusNot
                0x0000000008004a9e       0x14 ./STM32_WPAN/App/app_ble.o
 *fill*         0x0000000008004ab2        0x2 
 .text.Adv_Cancel
                0x0000000008004ab4       0x88 ./STM32_WPAN/App/app_ble.o
 .text.Adv_Request.constprop.0
                0x0000000008004b3c       0xd0 ./STM32_WPAN/App/app_ble.o
 .text.APP_BLE_Init
                0x0000000008004c0c      0x5bc ./STM32_WPAN/App/app_ble.o
                0x0000000008004c0c                APP_BLE_Init
 .text.SVCCTL_App_Notification
                0x00000000080051c8      0x3d4 ./STM32_WPAN/App/app_ble.o
                0x00000000080051c8                SVCCTL_App_Notification
 .text.APP_BLE_Key_Button3_Action
                0x000000000800559c        0x4 ./STM32_WPAN/App/app_ble.o
                0x000000000800559c                APP_BLE_Key_Button3_Action
 .text.APP_BLE_Key_Button1_Action
                0x00000000080055a0        0x4 ./STM32_WPAN/App/app_ble.o
                0x00000000080055a0                APP_BLE_Key_Button1_Action
 .text.hci_notify_asynch_evt
                0x00000000080055a4        0x8 ./STM32_WPAN/App/app_ble.o
                0x00000000080055a4                hci_notify_asynch_evt
 .text.hci_cmd_resp_release
                0x00000000080055ac        0x6 ./STM32_WPAN/App/app_ble.o
                0x00000000080055ac                hci_cmd_resp_release
 .text.hci_cmd_resp_wait
                0x00000000080055b2        0x6 ./STM32_WPAN/App/app_ble.o
                0x00000000080055b2                hci_cmd_resp_wait
 .text.Custom_Swc_Send_Notification
                0x00000000080055b8       0x7c ./STM32_WPAN/App/custom_app.o
 .text.Custom_Lat_Send_Notification
                0x0000000008005634       0x90 ./STM32_WPAN/App/custom_app.o
 .text.Custom_Long_Send_Notification
                0x00000000080056c4       0x94 ./STM32_WPAN/App/custom_app.o
 .text.Custom_Ec_Send_Notification
                0x0000000008005758       0x78 ./STM32_WPAN/App/custom_app.o
 .text.Custom_STM_App_Notification
                0x00000000080057d0       0x78 ./STM32_WPAN/App/custom_app.o
                0x00000000080057d0                Custom_STM_App_Notification
 .text.Custom_APP_Notification
                0x0000000008005848        0x2 ./STM32_WPAN/App/custom_app.o
                0x0000000008005848                Custom_APP_Notification
 *fill*         0x000000000800584a        0x2 
 .text.Custom_APP_Init
                0x000000000800584c       0x54 ./STM32_WPAN/App/custom_app.o
                0x000000000800584c                Custom_APP_Init
 .text.FSVC_APP_B3_Button_Action
                0x00000000080058a0       0x18 ./STM32_WPAN/App/custom_app.o
                0x00000000080058a0                FSVC_APP_B3_Button_Action
 .text.FSVC_APP_B1_Button_Action
                0x00000000080058b8       0x18 ./STM32_WPAN/App/custom_app.o
                0x00000000080058b8                FSVC_APP_B1_Button_Action
 .text.GPS_LAT_Action
                0x00000000080058d0        0x8 ./STM32_WPAN/App/custom_app.o
                0x00000000080058d0                GPS_LAT_Action
 .text.GPS_LONG_Action
                0x00000000080058d8        0x8 ./STM32_WPAN/App/custom_app.o
                0x00000000080058d8                GPS_LONG_Action
 .text.HAL_TIM_PeriodElapsedCallback
                0x00000000080058e0       0x1c ./STM32_WPAN/App/custom_app.o
                0x00000000080058e0                HAL_TIM_PeriodElapsedCallback
 .text.Custom_STM_Event_Handler
                0x00000000080058fc       0xbc ./STM32_WPAN/App/custom_stm.o
 .text.SVCCTL_InitCustomSvc
                0x00000000080059b8      0x590 ./STM32_WPAN/App/custom_stm.o
                0x00000000080059b8                SVCCTL_InitCustomSvc
 .text.Custom_STM_App_Update_Char
                0x0000000008005f48      0x2bc ./STM32_WPAN/App/custom_stm.o
                0x0000000008005f48                Custom_STM_App_Update_Char
 .text.HW_IPCC_Enable
                0x0000000008006204       0x50 ./STM32_WPAN/Target/hw_ipcc.o
                0x0000000008006204                HW_IPCC_Enable
 .text.HW_IPCC_Init
                0x0000000008006254       0x40 ./STM32_WPAN/Target/hw_ipcc.o
                0x0000000008006254                HW_IPCC_Init
 .text.HW_IPCC_BLE_Init
                0x0000000008006294       0x10 ./STM32_WPAN/Target/hw_ipcc.o
                0x0000000008006294                HW_IPCC_BLE_Init
 .text.HW_IPCC_BLE_SendCmd
                0x00000000080062a4       0x10 ./STM32_WPAN/Target/hw_ipcc.o
                0x00000000080062a4                HW_IPCC_BLE_SendCmd
 .text.HW_IPCC_SYS_Init
                0x00000000080062b4       0x10 ./STM32_WPAN/Target/hw_ipcc.o
                0x00000000080062b4                HW_IPCC_SYS_Init
 .text.HW_IPCC_SYS_SendCmd
                0x00000000080062c4       0x18 ./STM32_WPAN/Target/hw_ipcc.o
                0x00000000080062c4                HW_IPCC_SYS_SendCmd
 .text.HW_IPCC_Tx_Handler
                0x00000000080062dc       0x64 ./STM32_WPAN/Target/hw_ipcc.o
                0x00000000080062dc                HW_IPCC_Tx_Handler
 .text.HW_IPCC_MM_SendFreeBuf
                0x0000000008006340       0x2c ./STM32_WPAN/Target/hw_ipcc.o
                0x0000000008006340                HW_IPCC_MM_SendFreeBuf
 .text.HW_IPCC_TRACES_Init
                0x000000000800636c       0x10 ./STM32_WPAN/Target/hw_ipcc.o
                0x000000000800636c                HW_IPCC_TRACES_Init
 .text.HW_IPCC_Rx_Handler
                0x000000000800637c       0x48 ./STM32_WPAN/Target/hw_ipcc.o
                0x000000000800637c                HW_IPCC_Rx_Handler
 .text.UTIL_LPM_Init
                0x00000000080063c4       0x14 ./Utilities/lpm/tiny_lpm/stm32_lpm.o
                0x00000000080063c4                UTIL_LPM_Init
 .text.UTIL_LPM_SetOffMode
                0x00000000080063d8       0x2c ./Utilities/lpm/tiny_lpm/stm32_lpm.o
                0x00000000080063d8                UTIL_LPM_SetOffMode
 .text.UTIL_SEQ_SetTask
                0x0000000008006404       0x2c ./Utilities/sequencer/stm32_seq.o
                0x0000000008006404                UTIL_SEQ_SetTask
 .text.UTIL_SEQ_PauseTask
                0x0000000008006430       0x1c ./Utilities/sequencer/stm32_seq.o
                0x0000000008006430                UTIL_SEQ_PauseTask
 .text.UTIL_SEQ_ResumeTask
                0x000000000800644c       0x18 ./Utilities/sequencer/stm32_seq.o
                0x000000000800644c                UTIL_SEQ_ResumeTask
 .text.UTIL_SEQ_SetEvt
                0x0000000008006464       0x18 ./Utilities/sequencer/stm32_seq.o
                0x0000000008006464                UTIL_SEQ_SetEvt
 .text.UTIL_SEQ_PreIdle
                0x000000000800647c        0x2 ./Utilities/sequencer/stm32_seq.o
                0x000000000800647c                UTIL_SEQ_PreIdle
 .text.UTIL_SEQ_PostIdle
                0x000000000800647e        0x2 ./Utilities/sequencer/stm32_seq.o
                0x000000000800647e                UTIL_SEQ_PostIdle
 .text.SEQ_BitPosition
                0x0000000008006480       0x40 ./Utilities/sequencer/stm32_seq.o
                0x0000000008006480                SEQ_BitPosition
 .text.UTIL_SEQ_Run
                0x00000000080064c0      0x128 ./Utilities/sequencer/stm32_seq.o
                0x00000000080064c0                UTIL_SEQ_Run
 .text.UTIL_SEQ_WaitEvt
                0x00000000080065e8       0x64 ./Utilities/sequencer/stm32_seq.o
                0x00000000080065e8                UTIL_SEQ_WaitEvt
 .text.UTIL_SEQ_RegTask
                0x000000000800664c       0x20 ./Utilities/sequencer/stm32_seq.o
                0x000000000800664c                UTIL_SEQ_RegTask
 .text.__errno  0x000000000800666c        0xc c:/st/stm32cubeide_1.11.0/stm32cubeide/plugins/com.st.stm32cube.ide.mcu.externaltools.gnu-tools-for-stm32.10.3-2021.10.win32_1.0.100.202210260954/tools/bin/../lib/gcc/arm-none-eabi/10.3.1/../../../../arm-none-eabi/lib/thumb/v7e-m+fp/hard\libc_nano.a(lib_a-errno.o)
                0x000000000800666c                __errno
 .text.__libc_init_array
                0x0000000008006678       0x48 c:/st/stm32cubeide_1.11.0/stm32cubeide/plugins/com.st.stm32cube.ide.mcu.externaltools.gnu-tools-for-stm32.10.3-2021.10.win32_1.0.100.202210260954/tools/bin/../lib/gcc/arm-none-eabi/10.3.1/../../../../arm-none-eabi/lib/thumb/v7e-m+fp/hard\libc_nano.a(lib_a-init.o)
                0x0000000008006678                __libc_init_array
 .text.malloc   0x00000000080066c0       0x10 c:/st/stm32cubeide_1.11.0/stm32cubeide/plugins/com.st.stm32cube.ide.mcu.externaltools.gnu-tools-for-stm32.10.3-2021.10.win32_1.0.100.202210260954/tools/bin/../lib/gcc/arm-none-eabi/10.3.1/../../../../arm-none-eabi/lib/thumb/v7e-m+fp/hard\libc_nano.a(lib_a-malloc.o)
                0x00000000080066c0                malloc
 .text.memcpy   0x00000000080066d0       0x1c c:/st/stm32cubeide_1.11.0/stm32cubeide/plugins/com.st.stm32cube.ide.mcu.externaltools.gnu-tools-for-stm32.10.3-2021.10.win32_1.0.100.202210260954/tools/bin/../lib/gcc/arm-none-eabi/10.3.1/../../../../arm-none-eabi/lib/thumb/v7e-m+fp/hard\libc_nano.a(lib_a-memcpy-stub.o)
                0x00000000080066d0                memcpy
 .text.memset   0x00000000080066ec       0x10 c:/st/stm32cubeide_1.11.0/stm32cubeide/plugins/com.st.stm32cube.ide.mcu.externaltools.gnu-tools-for-stm32.10.3-2021.10.win32_1.0.100.202210260954/tools/bin/../lib/gcc/arm-none-eabi/10.3.1/../../../../arm-none-eabi/lib/thumb/v7e-m+fp/hard\libc_nano.a(lib_a-memset.o)
                0x00000000080066ec                memset
 .text._free_r  0x00000000080066fc       0x98 c:/st/stm32cubeide_1.11.0/stm32cubeide/plugins/com.st.stm32cube.ide.mcu.externaltools.gnu-tools-for-stm32.10.3-2021.10.win32_1.0.100.202210260954/tools/bin/../lib/gcc/arm-none-eabi/10.3.1/../../../../arm-none-eabi/lib/thumb/v7e-m+fp/hard\libc_nano.a(lib_a-nano-freer.o)
                0x00000000080066fc                _free_r
 .text.sbrk_aligned
                0x0000000008006794       0x40 c:/st/stm32cubeide_1.11.0/stm32cubeide/plugins/com.st.stm32cube.ide.mcu.externaltools.gnu-tools-for-stm32.10.3-2021.10.win32_1.0.100.202210260954/tools/bin/../lib/gcc/arm-none-eabi/10.3.1/../../../../arm-none-eabi/lib/thumb/v7e-m+fp/hard\libc_nano.a(lib_a-nano-mallocr.o)
 .text._malloc_r
                0x00000000080067d4       0xe8 c:/st/stm32cubeide_1.11.0/stm32cubeide/plugins/com.st.stm32cube.ide.mcu.externaltools.gnu-tools-for-stm32.10.3-2021.10.win32_1.0.100.202210260954/tools/bin/../lib/gcc/arm-none-eabi/10.3.1/../../../../arm-none-eabi/lib/thumb/v7e-m+fp/hard\libc_nano.a(lib_a-nano-mallocr.o)
                0x00000000080067d4                _malloc_r
 .text.printf   0x00000000080068bc       0x30 c:/st/stm32cubeide_1.11.0/stm32cubeide/plugins/com.st.stm32cube.ide.mcu.externaltools.gnu-tools-for-stm32.10.3-2021.10.win32_1.0.100.202210260954/tools/bin/../lib/gcc/arm-none-eabi/10.3.1/../../../../arm-none-eabi/lib/thumb/v7e-m+fp/hard\libc_nano.a(lib_a-printf.o)
                0x00000000080068bc                iprintf
                0x00000000080068bc                printf
 .text.putchar  0x00000000080068ec       0x2c c:/st/stm32cubeide_1.11.0/stm32cubeide/plugins/com.st.stm32cube.ide.mcu.externaltools.gnu-tools-for-stm32.10.3-2021.10.win32_1.0.100.202210260954/tools/bin/../lib/gcc/arm-none-eabi/10.3.1/../../../../arm-none-eabi/lib/thumb/v7e-m+fp/hard\libc_nano.a(lib_a-putchar.o)
                0x00000000080068ec                putchar
 .text._puts_r  0x0000000008006918       0xdc c:/st/stm32cubeide_1.11.0/stm32cubeide/plugins/com.st.stm32cube.ide.mcu.externaltools.gnu-tools-for-stm32.10.3-2021.10.win32_1.0.100.202210260954/tools/bin/../lib/gcc/arm-none-eabi/10.3.1/../../../../arm-none-eabi/lib/thumb/v7e-m+fp/hard\libc_nano.a(lib_a-puts.o)
                0x0000000008006918                _puts_r
 .text.puts     0x00000000080069f4       0x10 c:/st/stm32cubeide_1.11.0/stm32cubeide/plugins/com.st.stm32cube.ide.mcu.externaltools.gnu-tools-for-stm32.10.3-2021.10.win32_1.0.100.202210260954/tools/bin/../lib/gcc/arm-none-eabi/10.3.1/../../../../arm-none-eabi/lib/thumb/v7e-m+fp/hard\libc_nano.a(lib_a-puts.o)
                0x00000000080069f4                puts
 .text._sbrk_r  0x0000000008006a04       0x20 c:/st/stm32cubeide_1.11.0/stm32cubeide/plugins/com.st.stm32cube.ide.mcu.externaltools.gnu-tools-for-stm32.10.3-2021.10.win32_1.0.100.202210260954/tools/bin/../lib/gcc/arm-none-eabi/10.3.1/../../../../arm-none-eabi/lib/thumb/v7e-m+fp/hard\libc_nano.a(lib_a-sbrkr.o)
                0x0000000008006a04                _sbrk_r
 .text.strrchr  0x0000000008006a24       0x28 c:/st/stm32cubeide_1.11.0/stm32cubeide/plugins/com.st.stm32cube.ide.mcu.externaltools.gnu-tools-for-stm32.10.3-2021.10.win32_1.0.100.202210260954/tools/bin/../lib/gcc/arm-none-eabi/10.3.1/../../../../arm-none-eabi/lib/thumb/v7e-m+fp/hard\libc_nano.a(lib_a-strrchr.o)
                0x0000000008006a24                strrchr
 .text.__swbuf_r
                0x0000000008006a4c       0xa4 c:/st/stm32cubeide_1.11.0/stm32cubeide/plugins/com.st.stm32cube.ide.mcu.externaltools.gnu-tools-for-stm32.10.3-2021.10.win32_1.0.100.202210260954/tools/bin/../lib/gcc/arm-none-eabi/10.3.1/../../../../arm-none-eabi/lib/thumb/v7e-m+fp/hard\libc_nano.a(lib_a-wbuf.o)
                0x0000000008006a4c                __swbuf_r
 .text.__swsetup_r
                0x0000000008006af0       0xdc c:/st/stm32cubeide_1.11.0/stm32cubeide/plugins/com.st.stm32cube.ide.mcu.externaltools.gnu-tools-for-stm32.10.3-2021.10.win32_1.0.100.202210260954/tools/bin/../lib/gcc/arm-none-eabi/10.3.1/../../../../arm-none-eabi/lib/thumb/v7e-m+fp/hard\libc_nano.a(lib_a-wsetup.o)
                0x0000000008006af0                __swsetup_r
 .text.__sflush_r
                0x0000000008006bcc      0x10c c:/st/stm32cubeide_1.11.0/stm32cubeide/plugins/com.st.stm32cube.ide.mcu.externaltools.gnu-tools-for-stm32.10.3-2021.10.win32_1.0.100.202210260954/tools/bin/../lib/gcc/arm-none-eabi/10.3.1/../../../../arm-none-eabi/lib/thumb/v7e-m+fp/hard\libc_nano.a(lib_a-fflush.o)
                0x0000000008006bcc                __sflush_r
 .text._fflush_r
                0x0000000008006cd8       0x78 c:/st/stm32cubeide_1.11.0/stm32cubeide/plugins/com.st.stm32cube.ide.mcu.externaltools.gnu-tools-for-stm32.10.3-2021.10.win32_1.0.100.202210260954/tools/bin/../lib/gcc/arm-none-eabi/10.3.1/../../../../arm-none-eabi/lib/thumb/v7e-m+fp/hard\libc_nano.a(lib_a-fflush.o)
                0x0000000008006cd8                _fflush_r
 .text.std      0x0000000008006d50       0x48 c:/st/stm32cubeide_1.11.0/stm32cubeide/plugins/com.st.stm32cube.ide.mcu.externaltools.gnu-tools-for-stm32.10.3-2021.10.win32_1.0.100.202210260954/tools/bin/../lib/gcc/arm-none-eabi/10.3.1/../../../../arm-none-eabi/lib/thumb/v7e-m+fp/hard\libc_nano.a(lib_a-findfp.o)
 .text._cleanup_r
                0x0000000008006d98        0xc c:/st/stm32cubeide_1.11.0/stm32cubeide/plugins/com.st.stm32cube.ide.mcu.externaltools.gnu-tools-for-stm32.10.3-2021.10.win32_1.0.100.202210260954/tools/bin/../lib/gcc/arm-none-eabi/10.3.1/../../../../arm-none-eabi/lib/thumb/v7e-m+fp/hard\libc_nano.a(lib_a-findfp.o)
                0x0000000008006d98                _cleanup_r
 .text.__sfmoreglue
                0x0000000008006da4       0x2c c:/st/stm32cubeide_1.11.0/stm32cubeide/plugins/com.st.stm32cube.ide.mcu.externaltools.gnu-tools-for-stm32.10.3-2021.10.win32_1.0.100.202210260954/tools/bin/../lib/gcc/arm-none-eabi/10.3.1/../../../../arm-none-eabi/lib/thumb/v7e-m+fp/hard\libc_nano.a(lib_a-findfp.o)
                0x0000000008006da4                __sfmoreglue
 .text.__sfp_lock_acquire
                0x0000000008006dd0        0xc c:/st/stm32cubeide_1.11.0/stm32cubeide/plugins/com.st.stm32cube.ide.mcu.externaltools.gnu-tools-for-stm32.10.3-2021.10.win32_1.0.100.202210260954/tools/bin/../lib/gcc/arm-none-eabi/10.3.1/../../../../arm-none-eabi/lib/thumb/v7e-m+fp/hard\libc_nano.a(lib_a-findfp.o)
                0x0000000008006dd0                __sfp_lock_acquire
 .text.__sfp_lock_release
                0x0000000008006ddc        0xc c:/st/stm32cubeide_1.11.0/stm32cubeide/plugins/com.st.stm32cube.ide.mcu.externaltools.gnu-tools-for-stm32.10.3-2021.10.win32_1.0.100.202210260954/tools/bin/../lib/gcc/arm-none-eabi/10.3.1/../../../../arm-none-eabi/lib/thumb/v7e-m+fp/hard\libc_nano.a(lib_a-findfp.o)
                0x0000000008006ddc                __sfp_lock_release
 .text.__sinit_lock_acquire
                0x0000000008006de8        0xc c:/st/stm32cubeide_1.11.0/stm32cubeide/plugins/com.st.stm32cube.ide.mcu.externaltools.gnu-tools-for-stm32.10.3-2021.10.win32_1.0.100.202210260954/tools/bin/../lib/gcc/arm-none-eabi/10.3.1/../../../../arm-none-eabi/lib/thumb/v7e-m+fp/hard\libc_nano.a(lib_a-findfp.o)
                0x0000000008006de8                __sinit_lock_acquire
 .text.__sinit_lock_release
                0x0000000008006df4        0xc c:/st/stm32cubeide_1.11.0/stm32cubeide/plugins/com.st.stm32cube.ide.mcu.externaltools.gnu-tools-for-stm32.10.3-2021.10.win32_1.0.100.202210260954/tools/bin/../lib/gcc/arm-none-eabi/10.3.1/../../../../arm-none-eabi/lib/thumb/v7e-m+fp/hard\libc_nano.a(lib_a-findfp.o)
                0x0000000008006df4                __sinit_lock_release
 .text.__sinit  0x0000000008006e00       0x70 c:/st/stm32cubeide_1.11.0/stm32cubeide/plugins/com.st.stm32cube.ide.mcu.externaltools.gnu-tools-for-stm32.10.3-2021.10.win32_1.0.100.202210260954/tools/bin/../lib/gcc/arm-none-eabi/10.3.1/../../../../arm-none-eabi/lib/thumb/v7e-m+fp/hard\libc_nano.a(lib_a-findfp.o)
                0x0000000008006e00                __sinit
 .text.__sfp    0x0000000008006e70       0x8c c:/st/stm32cubeide_1.11.0/stm32cubeide/plugins/com.st.stm32cube.ide.mcu.externaltools.gnu-tools-for-stm32.10.3-2021.10.win32_1.0.100.202210260954/tools/bin/../lib/gcc/arm-none-eabi/10.3.1/../../../../arm-none-eabi/lib/thumb/v7e-m+fp/hard\libc_nano.a(lib_a-findfp.o)
                0x0000000008006e70                __sfp
 .text._fwalk_reent
                0x0000000008006efc       0x3e c:/st/stm32cubeide_1.11.0/stm32cubeide/plugins/com.st.stm32cube.ide.mcu.externaltools.gnu-tools-for-stm32.10.3-2021.10.win32_1.0.100.202210260954/tools/bin/../lib/gcc/arm-none-eabi/10.3.1/../../../../arm-none-eabi/lib/thumb/v7e-m+fp/hard\libc_nano.a(lib_a-fwalk.o)
                0x0000000008006efc                _fwalk_reent
 .text.__retarget_lock_init_recursive
                0x0000000008006f3a        0x2 c:/st/stm32cubeide_1.11.0/stm32cubeide/plugins/com.st.stm32cube.ide.mcu.externaltools.gnu-tools-for-stm32.10.3-2021.10.win32_1.0.100.202210260954/tools/bin/../lib/gcc/arm-none-eabi/10.3.1/../../../../arm-none-eabi/lib/thumb/v7e-m+fp/hard\libc_nano.a(lib_a-lock.o)
                0x0000000008006f3a                __retarget_lock_init_recursive
 .text.__retarget_lock_acquire_recursive
                0x0000000008006f3c        0x2 c:/st/stm32cubeide_1.11.0/stm32cubeide/plugins/com.st.stm32cube.ide.mcu.externaltools.gnu-tools-for-stm32.10.3-2021.10.win32_1.0.100.202210260954/tools/bin/../lib/gcc/arm-none-eabi/10.3.1/../../../../arm-none-eabi/lib/thumb/v7e-m+fp/hard\libc_nano.a(lib_a-lock.o)
                0x0000000008006f3c                __retarget_lock_acquire_recursive
 .text.__retarget_lock_release_recursive
                0x0000000008006f3e        0x2 c:/st/stm32cubeide_1.11.0/stm32cubeide/plugins/com.st.stm32cube.ide.mcu.externaltools.gnu-tools-for-stm32.10.3-2021.10.win32_1.0.100.202210260954/tools/bin/../lib/gcc/arm-none-eabi/10.3.1/../../../../arm-none-eabi/lib/thumb/v7e-m+fp/hard\libc_nano.a(lib_a-lock.o)
                0x0000000008006f3e                __retarget_lock_release_recursive
 .text.__swhatbuf_r
                0x0000000008006f40       0x4a c:/st/stm32cubeide_1.11.0/stm32cubeide/plugins/com.st.stm32cube.ide.mcu.externaltools.gnu-tools-for-stm32.10.3-2021.10.win32_1.0.100.202210260954/tools/bin/../lib/gcc/arm-none-eabi/10.3.1/../../../../arm-none-eabi/lib/thumb/v7e-m+fp/hard\libc_nano.a(lib_a-makebuf.o)
                0x0000000008006f40                __swhatbuf_r
 *fill*         0x0000000008006f8a        0x2 
 .text.__smakebuf_r
                0x0000000008006f8c       0x80 c:/st/stm32cubeide_1.11.0/stm32cubeide/plugins/com.st.stm32cube.ide.mcu.externaltools.gnu-tools-for-stm32.10.3-2021.10.win32_1.0.100.202210260954/tools/bin/../lib/gcc/arm-none-eabi/10.3.1/../../../../arm-none-eabi/lib/thumb/v7e-m+fp/hard\libc_nano.a(lib_a-makebuf.o)
                0x0000000008006f8c                __smakebuf_r
 .text.__malloc_lock
                0x000000000800700c        0xc c:/st/stm32cubeide_1.11.0/stm32cubeide/plugins/com.st.stm32cube.ide.mcu.externaltools.gnu-tools-for-stm32.10.3-2021.10.win32_1.0.100.202210260954/tools/bin/../lib/gcc/arm-none-eabi/10.3.1/../../../../arm-none-eabi/lib/thumb/v7e-m+fp/hard\libc_nano.a(lib_a-mlock.o)
                0x000000000800700c                __malloc_lock
 .text.__malloc_unlock
                0x0000000008007018        0xc c:/st/stm32cubeide_1.11.0/stm32cubeide/plugins/com.st.stm32cube.ide.mcu.externaltools.gnu-tools-for-stm32.10.3-2021.10.win32_1.0.100.202210260954/tools/bin/../lib/gcc/arm-none-eabi/10.3.1/../../../../arm-none-eabi/lib/thumb/v7e-m+fp/hard\libc_nano.a(lib_a-mlock.o)
                0x0000000008007018                __malloc_unlock
 .text.__sfputc_r
                0x0000000008007024       0x2e c:/st/stm32cubeide_1.11.0/stm32cubeide/plugins/com.st.stm32cube.ide.mcu.externaltools.gnu-tools-for-stm32.10.3-2021.10.win32_1.0.100.202210260954/tools/bin/../lib/gcc/arm-none-eabi/10.3.1/../../../../arm-none-eabi/lib/thumb/v7e-m+fp/hard\libc_nano.a(lib_a-nano-vfprintf.o)
 .text.__sfputs_r
                0x0000000008007052       0x24 c:/st/stm32cubeide_1.11.0/stm32cubeide/plugins/com.st.stm32cube.ide.mcu.externaltools.gnu-tools-for-stm32.10.3-2021.10.win32_1.0.100.202210260954/tools/bin/../lib/gcc/arm-none-eabi/10.3.1/../../../../arm-none-eabi/lib/thumb/v7e-m+fp/hard\libc_nano.a(lib_a-nano-vfprintf.o)
                0x0000000008007052                __sfputs_r
 *fill*         0x0000000008007076        0x2 
 .text._vfprintf_r
                0x0000000008007078      0x260 c:/st/stm32cubeide_1.11.0/stm32cubeide/plugins/com.st.stm32cube.ide.mcu.externaltools.gnu-tools-for-stm32.10.3-2021.10.win32_1.0.100.202210260954/tools/bin/../lib/gcc/arm-none-eabi/10.3.1/../../../../arm-none-eabi/lib/thumb/v7e-m+fp/hard\libc_nano.a(lib_a-nano-vfprintf.o)
                0x0000000008007078                _vfprintf_r
                0x0000000008007078                _vfiprintf_r
 .text._printf_common
                0x00000000080072d8       0xda c:/st/stm32cubeide_1.11.0/stm32cubeide/plugins/com.st.stm32cube.ide.mcu.externaltools.gnu-tools-for-stm32.10.3-2021.10.win32_1.0.100.202210260954/tools/bin/../lib/gcc/arm-none-eabi/10.3.1/../../../../arm-none-eabi/lib/thumb/v7e-m+fp/hard\libc_nano.a(lib_a-nano-vfprintf_i.o)
                0x00000000080072d8                _printf_common
 *fill*         0x00000000080073b2        0x2 
 .text._printf_i
                0x00000000080073b4      0x24c c:/st/stm32cubeide_1.11.0/stm32cubeide/plugins/com.st.stm32cube.ide.mcu.externaltools.gnu-tools-for-stm32.10.3-2021.10.win32_1.0.100.202210260954/tools/bin/../lib/gcc/arm-none-eabi/10.3.1/../../../../arm-none-eabi/lib/thumb/v7e-m+fp/hard\libc_nano.a(lib_a-nano-vfprintf_i.o)
                0x00000000080073b4                _printf_i
 .text._putc_r  0x0000000008007600       0x90 c:/st/stm32cubeide_1.11.0/stm32cubeide/plugins/com.st.stm32cube.ide.mcu.externaltools.gnu-tools-for-stm32.10.3-2021.10.win32_1.0.100.202210260954/tools/bin/../lib/gcc/arm-none-eabi/10.3.1/../../../../arm-none-eabi/lib/thumb/v7e-m+fp/hard\libc_nano.a(lib_a-putc.o)
                0x0000000008007600                _putc_r
 .text.__sread  0x0000000008007690       0x22 c:/st/stm32cubeide_1.11.0/stm32cubeide/plugins/com.st.stm32cube.ide.mcu.externaltools.gnu-tools-for-stm32.10.3-2021.10.win32_1.0.100.202210260954/tools/bin/../lib/gcc/arm-none-eabi/10.3.1/../../../../arm-none-eabi/lib/thumb/v7e-m+fp/hard\libc_nano.a(lib_a-stdio.o)
                0x0000000008007690                __sread
 .text.__swrite
                0x00000000080076b2       0x38 c:/st/stm32cubeide_1.11.0/stm32cubeide/plugins/com.st.stm32cube.ide.mcu.externaltools.gnu-tools-for-stm32.10.3-2021.10.win32_1.0.100.202210260954/tools/bin/../lib/gcc/arm-none-eabi/10.3.1/../../../../arm-none-eabi/lib/thumb/v7e-m+fp/hard\libc_nano.a(lib_a-stdio.o)
                0x00000000080076b2                __swrite
 .text.__sseek  0x00000000080076ea       0x24 c:/st/stm32cubeide_1.11.0/stm32cubeide/plugins/com.st.stm32cube.ide.mcu.externaltools.gnu-tools-for-stm32.10.3-2021.10.win32_1.0.100.202210260954/tools/bin/../lib/gcc/arm-none-eabi/10.3.1/../../../../arm-none-eabi/lib/thumb/v7e-m+fp/hard\libc_nano.a(lib_a-stdio.o)
                0x00000000080076ea                __sseek
 .text.__sclose
                0x000000000800770e        0x8 c:/st/stm32cubeide_1.11.0/stm32cubeide/plugins/com.st.stm32cube.ide.mcu.externaltools.gnu-tools-for-stm32.10.3-2021.10.win32_1.0.100.202210260954/tools/bin/../lib/gcc/arm-none-eabi/10.3.1/../../../../arm-none-eabi/lib/thumb/v7e-m+fp/hard\libc_nano.a(lib_a-stdio.o)
                0x000000000800770e                __sclose
 .text.strchr   0x0000000008007716       0x1a c:/st/stm32cubeide_1.11.0/stm32cubeide/plugins/com.st.stm32cube.ide.mcu.externaltools.gnu-tools-for-stm32.10.3-2021.10.win32_1.0.100.202210260954/tools/bin/../lib/gcc/arm-none-eabi/10.3.1/../../../../arm-none-eabi/lib/thumb/v7e-m+fp/hard\libc_nano.a(lib_a-strchr.o)
                0x0000000008007716                strchr
 .text._write_r
                0x0000000008007730       0x24 c:/st/stm32cubeide_1.11.0/stm32cubeide/plugins/com.st.stm32cube.ide.mcu.externaltools.gnu-tools-for-stm32.10.3-2021.10.win32_1.0.100.202210260954/tools/bin/../lib/gcc/arm-none-eabi/10.3.1/../../../../arm-none-eabi/lib/thumb/v7e-m+fp/hard\libc_nano.a(lib_a-writer.o)
                0x0000000008007730                _write_r
 .text._close_r
                0x0000000008007754       0x20 c:/st/stm32cubeide_1.11.0/stm32cubeide/plugins/com.st.stm32cube.ide.mcu.externaltools.gnu-tools-for-stm32.10.3-2021.10.win32_1.0.100.202210260954/tools/bin/../lib/gcc/arm-none-eabi/10.3.1/../../../../arm-none-eabi/lib/thumb/v7e-m+fp/hard\libc_nano.a(lib_a-closer.o)
                0x0000000008007754                _close_r
 .text._fstat_r
                0x0000000008007774       0x24 c:/st/stm32cubeide_1.11.0/stm32cubeide/plugins/com.st.stm32cube.ide.mcu.externaltools.gnu-tools-for-stm32.10.3-2021.10.win32_1.0.100.202210260954/tools/bin/../lib/gcc/arm-none-eabi/10.3.1/../../../../arm-none-eabi/lib/thumb/v7e-m+fp/hard\libc_nano.a(lib_a-fstatr.o)
                0x0000000008007774                _fstat_r
 .text._isatty_r
                0x0000000008007798       0x20 c:/st/stm32cubeide_1.11.0/stm32cubeide/plugins/com.st.stm32cube.ide.mcu.externaltools.gnu-tools-for-stm32.10.3-2021.10.win32_1.0.100.202210260954/tools/bin/../lib/gcc/arm-none-eabi/10.3.1/../../../../arm-none-eabi/lib/thumb/v7e-m+fp/hard\libc_nano.a(lib_a-isattyr.o)
                0x0000000008007798                _isatty_r
 .text._lseek_r
                0x00000000080077b8       0x24 c:/st/stm32cubeide_1.11.0/stm32cubeide/plugins/com.st.stm32cube.ide.mcu.externaltools.gnu-tools-for-stm32.10.3-2021.10.win32_1.0.100.202210260954/tools/bin/../lib/gcc/arm-none-eabi/10.3.1/../../../../arm-none-eabi/lib/thumb/v7e-m+fp/hard\libc_nano.a(lib_a-lseekr.o)
                0x00000000080077b8                _lseek_r
 .text._read_r  0x00000000080077dc       0x24 c:/st/stm32cubeide_1.11.0/stm32cubeide/plugins/com.st.stm32cube.ide.mcu.externaltools.gnu-tools-for-stm32.10.3-2021.10.win32_1.0.100.202210260954/tools/bin/../lib/gcc/arm-none-eabi/10.3.1/../../../../arm-none-eabi/lib/thumb/v7e-m+fp/hard\libc_nano.a(lib_a-readr.o)
                0x00000000080077dc                _read_r
 *(.glue_7)
 .glue_7        0x0000000008007800        0x0 linker stubs
 *(.glue_7t)
 .glue_7t       0x0000000008007800        0x0 linker stubs
 *(.eh_frame)
 .eh_frame      0x0000000008007800        0x0 c:/st/stm32cubeide_1.11.0/stm32cubeide/plugins/com.st.stm32cube.ide.mcu.externaltools.gnu-tools-for-stm32.10.3-2021.10.win32_1.0.100.202210260954/tools/bin/../lib/gcc/arm-none-eabi/10.3.1/thumb/v7e-m+fp/hard/crtbegin.o
 *(.init)
 .init          0x0000000008007800        0x4 c:/st/stm32cubeide_1.11.0/stm32cubeide/plugins/com.st.stm32cube.ide.mcu.externaltools.gnu-tools-for-stm32.10.3-2021.10.win32_1.0.100.202210260954/tools/bin/../lib/gcc/arm-none-eabi/10.3.1/thumb/v7e-m+fp/hard/crti.o
                0x0000000008007800                _init
 .init          0x0000000008007804        0x8 c:/st/stm32cubeide_1.11.0/stm32cubeide/plugins/com.st.stm32cube.ide.mcu.externaltools.gnu-tools-for-stm32.10.3-2021.10.win32_1.0.100.202210260954/tools/bin/../lib/gcc/arm-none-eabi/10.3.1/thumb/v7e-m+fp/hard/crtn.o
 *(.fini)
 .fini          0x000000000800780c        0x4 c:/st/stm32cubeide_1.11.0/stm32cubeide/plugins/com.st.stm32cube.ide.mcu.externaltools.gnu-tools-for-stm32.10.3-2021.10.win32_1.0.100.202210260954/tools/bin/../lib/gcc/arm-none-eabi/10.3.1/thumb/v7e-m+fp/hard/crti.o
                0x000000000800780c                _fini
 .fini          0x0000000008007810        0x8 c:/st/stm32cubeide_1.11.0/stm32cubeide/plugins/com.st.stm32cube.ide.mcu.externaltools.gnu-tools-for-stm32.10.3-2021.10.win32_1.0.100.202210260954/tools/bin/../lib/gcc/arm-none-eabi/10.3.1/thumb/v7e-m+fp/hard/crtn.o
                0x0000000008007818                . = ALIGN (0x4)
                0x0000000008007818                _etext = .

.vfp11_veneer   0x0000000008007818        0x0
 .vfp11_veneer  0x0000000008007818        0x0 linker stubs

.v4_bx          0x0000000008007818        0x0
 .v4_bx         0x0000000008007818        0x0 linker stubs

.iplt           0x0000000008007818        0x0
 .iplt          0x0000000008007818        0x0 c:/st/stm32cubeide_1.11.0/stm32cubeide/plugins/com.st.stm32cube.ide.mcu.externaltools.gnu-tools-for-stm32.10.3-2021.10.win32_1.0.100.202210260954/tools/bin/../lib/gcc/arm-none-eabi/10.3.1/thumb/v7e-m+fp/hard/crtbegin.o

.rodata         0x0000000008007818     0x1a2c
                0x0000000008007818                . = ALIGN (0x4)
 *(.rodata)
 .rodata        0x0000000008007818       0x1b ./Core/Src/app_debug.o
 *fill*         0x0000000008007833        0x1 
 .rodata        0x0000000008007834       0x20 ./Drivers/STM32WBxx_HAL_Driver/Src/stm32wbxx_hal_rcc.o
 .rodata        0x0000000008007854       0x39 ./STM32_WPAN/App/app_ble.o
 *(.rodata*)
 .rodata.aGpioConfigList
                0x000000000800788d      0x130 ./Core/Src/app_debug.o
 .rodata.APPE_SysUserEvtRx.str1.1
                0x00000000080079bd      0x34c ./Core/Src/app_entry.o
 .rodata.__FUNCTION__.0
                0x0000000008007d09       0x11 ./Core/Src/app_entry.o
 .rodata.__FUNCTION__.1
                0x0000000008007d1a       0x1b ./Core/Src/app_entry.o
 .rodata.__FUNCTION__.2
                0x0000000008007d35       0x12 ./Core/Src/app_entry.o
 .rodata.main.str1.1
                0x0000000008007d47        0xb ./Core/Src/main.o
 *fill*         0x0000000008007d52        0x2 
 .rodata.AHBPrescTable
                0x0000000008007d54       0x40 ./Core/Src/system_stm32wbxx.o
                0x0000000008007d54                AHBPrescTable
 .rodata.APBPrescTable
                0x0000000008007d94       0x20 ./Core/Src/system_stm32wbxx.o
                0x0000000008007d94                APBPrescTable
 .rodata.MSIRangeTable
                0x0000000008007db4       0x40 ./Core/Src/system_stm32wbxx.o
                0x0000000008007db4                MSIRangeTable
 .rodata.CSWTCH.62
                0x0000000008007df4        0x3 ./Drivers/STM32WBxx_HAL_Driver/Src/stm32wbxx_hal_uart.o
 *fill*         0x0000000008007df7        0x1 
 .rodata.UARTPrescTable
                0x0000000008007df8       0x18 ./Drivers/STM32WBxx_HAL_Driver/Src/stm32wbxx_hal_uart.o
                0x0000000008007df8                UARTPrescTable
 .rodata.denominator.0
                0x0000000008007e10        0x8 ./Drivers/STM32WBxx_HAL_Driver/Src/stm32wbxx_hal_uart_ex.o
 .rodata.numerator.1
                0x0000000008007e18        0x8 ./Drivers/STM32WBxx_HAL_Driver/Src/stm32wbxx_hal_uart_ex.o
 .rodata.Adv_Cancel.str1.1
                0x0000000008007e20       0x5b ./STM32_WPAN/App/app_ble.o
                                         0x72 (size before relaxing)
 .rodata.Adv_Request.constprop.0.str1.1
                0x0000000008007e7b       0xb8 ./STM32_WPAN/App/app_ble.o
 .rodata.APP_BLE_Init.str1.1
                0x0000000008007f33      0x65a ./STM32_WPAN/App/app_ble.o
 .rodata.SVCCTL_App_Notification.str1.1
                0x000000000800858d      0x3de ./STM32_WPAN/App/app_ble.o
 .rodata.__FUNCTION__.0
                0x000000000800896b       0x18 ./STM32_WPAN/App/app_ble.o
 .rodata.__FUNCTION__.1
                0x0000000008008983        0xc ./STM32_WPAN/App/app_ble.o
 .rodata.__FUNCTION__.2
                0x000000000800898f       0x16 ./STM32_WPAN/App/app_ble.o
 .rodata.__FUNCTION__.3
                0x00000000080089a5        0xb ./STM32_WPAN/App/app_ble.o
 .rodata.__FUNCTION__.4
                0x00000000080089b0        0xd ./STM32_WPAN/App/app_ble.o
 .rodata.a_BLE_CfgErValue
                0x00000000080089bd       0x10 ./STM32_WPAN/App/app_ble.o
 .rodata.a_BLE_CfgIrValue
                0x00000000080089cd       0x10 ./STM32_WPAN/App/app_ble.o
 .rodata.a_MBdAddr
                0x00000000080089dd        0x6 ./STM32_WPAN/App/app_ble.o
 .rodata.Custom_Swc_Send_Notification.str1.1
                0x00000000080089e3       0xa3 ./STM32_WPAN/App/custom_app.o
                                         0xb4 (size before relaxing)
 .rodata.Custom_Lat_Send_Notification.str1.1
                0x0000000008008a86       0x3d ./STM32_WPAN/App/custom_app.o
 .rodata.Custom_Ec_Send_Notification.str1.1
                0x0000000008008ac3       0x3f ./STM32_WPAN/App/custom_app.o
 .rodata.__FUNCTION__.0
                0x0000000008008b02       0x1c ./STM32_WPAN/App/custom_app.o
 .rodata.__FUNCTION__.1
                0x0000000008008b1e       0x1e ./STM32_WPAN/App/custom_app.o
 .rodata.__FUNCTION__.3
                0x0000000008008b3c       0x1d ./STM32_WPAN/App/custom_app.o
 .rodata.__FUNCTION__.5
                0x0000000008008b59       0x1d ./STM32_WPAN/App/custom_app.o
 .rodata.SVCCTL_InitCustomSvc.str1.1
                0x0000000008008b76      0x33b ./STM32_WPAN/App/custom_stm.o
                                        0x34c (size before relaxing)
 .rodata.Custom_STM_App_Update_Char.str1.1
                0x0000000008008eb1      0x2ba ./STM32_WPAN/App/custom_stm.o
 .rodata.__FUNCTION__.0
                0x000000000800916b       0x1b ./STM32_WPAN/App/custom_stm.o
 .rodata.__FUNCTION__.1
                0x0000000008009186       0x15 ./STM32_WPAN/App/custom_stm.o
 .rodata.SEQ_clz_table_4bit
                0x000000000800919b       0x10 ./Utilities/sequencer/stm32_seq.o
                0x000000000800919b                SEQ_clz_table_4bit
 *fill*         0x00000000080091ab        0x1 
 .rodata._global_impure_ptr
                0x00000000080091ac        0x4 c:/st/stm32cubeide_1.11.0/stm32cubeide/plugins/com.st.stm32cube.ide.mcu.externaltools.gnu-tools-for-stm32.10.3-2021.10.win32_1.0.100.202210260954/tools/bin/../lib/gcc/arm-none-eabi/10.3.1/../../../../arm-none-eabi/lib/thumb/v7e-m+fp/hard\libc_nano.a(lib_a-impure.o)
                0x00000000080091ac                _global_impure_ptr
 .rodata.__sf_fake_stderr
                0x00000000080091b0       0x20 c:/st/stm32cubeide_1.11.0/stm32cubeide/plugins/com.st.stm32cube.ide.mcu.externaltools.gnu-tools-for-stm32.10.3-2021.10.win32_1.0.100.202210260954/tools/bin/../lib/gcc/arm-none-eabi/10.3.1/../../../../arm-none-eabi/lib/thumb/v7e-m+fp/hard\libc_nano.a(lib_a-findfp.o)
                0x00000000080091b0                __sf_fake_stderr
 .rodata.__sf_fake_stdin
                0x00000000080091d0       0x20 c:/st/stm32cubeide_1.11.0/stm32cubeide/plugins/com.st.stm32cube.ide.mcu.externaltools.gnu-tools-for-stm32.10.3-2021.10.win32_1.0.100.202210260954/tools/bin/../lib/gcc/arm-none-eabi/10.3.1/../../../../arm-none-eabi/lib/thumb/v7e-m+fp/hard\libc_nano.a(lib_a-findfp.o)
                0x00000000080091d0                __sf_fake_stdin
 .rodata.__sf_fake_stdout
                0x00000000080091f0       0x20 c:/st/stm32cubeide_1.11.0/stm32cubeide/plugins/com.st.stm32cube.ide.mcu.externaltools.gnu-tools-for-stm32.10.3-2021.10.win32_1.0.100.202210260954/tools/bin/../lib/gcc/arm-none-eabi/10.3.1/../../../../arm-none-eabi/lib/thumb/v7e-m+fp/hard\libc_nano.a(lib_a-findfp.o)
                0x00000000080091f0                __sf_fake_stdout
 .rodata._vfprintf_r.str1.1
                0x0000000008009210       0x11 c:/st/stm32cubeide_1.11.0/stm32cubeide/plugins/com.st.stm32cube.ide.mcu.externaltools.gnu-tools-for-stm32.10.3-2021.10.win32_1.0.100.202210260954/tools/bin/../lib/gcc/arm-none-eabi/10.3.1/../../../../arm-none-eabi/lib/thumb/v7e-m+fp/hard\libc_nano.a(lib_a-nano-vfprintf.o)
 .rodata._printf_i.str1.1
                0x0000000008009221       0x22 c:/st/stm32cubeide_1.11.0/stm32cubeide/plugins/com.st.stm32cube.ide.mcu.externaltools.gnu-tools-for-stm32.10.3-2021.10.win32_1.0.100.202210260954/tools/bin/../lib/gcc/arm-none-eabi/10.3.1/../../../../arm-none-eabi/lib/thumb/v7e-m+fp/hard\libc_nano.a(lib_a-nano-vfprintf_i.o)
                0x0000000008009244                . = ALIGN (0x4)
 *fill*         0x0000000008009243        0x1 

.ARM.extab
 *(.ARM.extab* .gnu.linkonce.armextab.*)

.ARM            0x0000000008009244        0x8
                0x0000000008009244                __exidx_start = .
 *(.ARM.exidx*)
 .ARM.exidx     0x0000000008009244        0x8 c:/st/stm32cubeide_1.11.0/stm32cubeide/plugins/com.st.stm32cube.ide.mcu.externaltools.gnu-tools-for-stm32.10.3-2021.10.win32_1.0.100.202210260954/tools/bin/../lib/gcc/arm-none-eabi/10.3.1/thumb/v7e-m+fp/hard\libgcc.a(_udivmoddi4.o)
                0x000000000800924c                __exidx_end = .

.rel.dyn        0x000000000800924c        0x0
 .rel.iplt      0x000000000800924c        0x0 c:/st/stm32cubeide_1.11.0/stm32cubeide/plugins/com.st.stm32cube.ide.mcu.externaltools.gnu-tools-for-stm32.10.3-2021.10.win32_1.0.100.202210260954/tools/bin/../lib/gcc/arm-none-eabi/10.3.1/thumb/v7e-m+fp/hard/crtbegin.o

.preinit_array  0x000000000800924c        0x0
                0x000000000800924c                PROVIDE (__preinit_array_start = .)
 *(.preinit_array*)
                0x000000000800924c                PROVIDE (__preinit_array_end = .)

.init_array     0x000000000800924c        0x4
                0x000000000800924c                PROVIDE (__init_array_start = .)
 *(SORT_BY_NAME(.init_array.*))
 *(.init_array*)
 .init_array    0x000000000800924c        0x4 c:/st/stm32cubeide_1.11.0/stm32cubeide/plugins/com.st.stm32cube.ide.mcu.externaltools.gnu-tools-for-stm32.10.3-2021.10.win32_1.0.100.202210260954/tools/bin/../lib/gcc/arm-none-eabi/10.3.1/thumb/v7e-m+fp/hard/crtbegin.o
                0x0000000008009250                PROVIDE (__init_array_end = .)

.fini_array     0x0000000008009250        0x4
                [!provide]                        PROVIDE (__fini_array_start = .)
 *(SORT_BY_NAME(.fini_array.*))
 *(.fini_array*)
 .fini_array    0x0000000008009250        0x4 c:/st/stm32cubeide_1.11.0/stm32cubeide/plugins/com.st.stm32cube.ide.mcu.externaltools.gnu-tools-for-stm32.10.3-2021.10.win32_1.0.100.202210260954/tools/bin/../lib/gcc/arm-none-eabi/10.3.1/thumb/v7e-m+fp/hard/crtbegin.o
                [!provide]                        PROVIDE (__fini_array_end = .)
                0x0000000008009254                _sidata = LOADADDR (.data)

.data           0x0000000020000008      0x114 load address 0x0000000008009254
                0x0000000020000008                . = ALIGN (0x4)
                0x0000000020000008                _sdata = .
 *(.data)
 *(.data*)
 .data.coordinatesLat2
                0x0000000020000008       0x38 ./Core/Src/main.o
                0x0000000020000008                coordinatesLat2
 .data.SystemCoreClock
                0x0000000020000040        0x4 ./Core/Src/system_stm32wbxx.o
                0x0000000020000040                SystemCoreClock
 .data.uwTickFreq
                0x0000000020000044        0x1 ./Drivers/STM32WBxx_HAL_Driver/Src/stm32wbxx_hal.o
                0x0000000020000044                uwTickFreq
 *fill*         0x0000000020000045        0x3 
 .data.uwTickPrio
                0x0000000020000048        0x4 ./Drivers/STM32WBxx_HAL_Driver/Src/stm32wbxx_hal.o
                0x0000000020000048                uwTickPrio
 .data.a_AdvData
                0x000000002000004c       0x18 ./STM32_WPAN/App/app_ble.o
                0x000000002000004c                a_AdvData
 .data.MyString
                0x0000000020000064        0xa ./STM32_WPAN/App/custom_app.o
                0x0000000020000064                MyString
 *fill*         0x000000002000006e        0x2 
 .data.coordinatesLong
                0x0000000020000070       0x38 ./STM32_WPAN/App/custom_app.o
                0x0000000020000070                coordinatesLong